╭──────────┬───────────┬──────────┬────────┬───────────┬────────┬────────┬────────┬────────┬──────────┬────────┬────────╮
│          ┆[48;2;74;68;89m Alexandra [49m┆[48;2;74;68;89m Christin [49m┆[48;2;74;68;89m  Emma  [49m┆[48;2;74;68;89m Francesca [49m┆[48;2;74;68;89m Janice [49m┆[48;2;74;68;89m  Jenny [49m┆[48;2;74;68;89m  Julia [49m┆[48;2;74;68;89m  Marta [49m┆[48;2;74;68;89m Michelle [49m┆[48;2;74;68;89m   Zoe  [49m┆[48;2;74;68;89m  Joena [49m│
╞══════════╪═══════════╪══════════╪════════╪═══════════╪════════╪════════╪════════╪════════╪══════════╪════════╪════════╡
│[48;2;69;76;102m Bennett  [49m┆[48;2;65;77;71m 10        [49m┆[48;2;65;77;71m 10       [49m┆[48;2;65;77;71m 10     [49m┆[48;2;65;77;71m 10        [49m┆[48;2;65;77;71m 10     [49m┆[48;2;65;77;71m 10     [49m┆[48;2;65;77;71m 10     [49m┆[48;2;65;77;71m 10     [49m┆[48;2;65;77;71m 10       [49m┆[48;2;65;77;71m 10     [49m┆[48;2;65;77;71m 10     [49m│
│[48;2;69;76;102m Brian    [49m┆[48;2;65;77;71m 10        [49m┆[48;2;65;77;71m 10       [49m┆[48;2;65;77;71m 10     [49m┆[48;2;65;77;71m 10        [49m┆[48;2;65;77;71m 10     [49m┆[48;2;65;77;71m 10     [49m┆[48;2;65;77;71m 10     [49m┆[48;2;65;77;71m 10     [49m┆[48;2;65;77;71m 10       [49m┆[48;2;65;77;71m 10     [49m┆[48;2;65;77;71m 10     [49m│
│[48;2;69;76;102m Cansin   [49m┆[48;2;65;77;71m 10        [49m┆[48;2;65;77;71m 10       [49m┆[48;2;65;77;71m 10     [49m┆[48;2;65;77;71m 10        [49m┆[48;2;65;77;71m 10     [49m┆[48;2;65;77;71m 10     [49m┆[48;2;65;77;71m 10     [49m┆[48;2;65;77;71m 10     [49m┆[48;2;65;77;71m 10       [49m┆[48;2;65;77;71m 10     [49m┆[48;2;65;77;71m 10     [49m│
│[48;2;69;76;102m Daymian  [49m┆[48;2;65;77;71m 10        [49m┆[48;2;65;77;71m 10       [49m┆[48;2;65;77;71m 10     [49m┆[48;2;65;77;71m 10        [49m┆[48;2;65;77;71m 10     [49m┆[48;2;65;77;71m 10     [49m┆[48;2;65;77;71m 10     [49m┆[48;2;65;77;71m 10     [49m┆[48;2;65;77;71m 10       [49m┆[48;2;65;77;71m 10     [49m┆[48;2;65;77;71m 10     [49m│
│[48;2;69;76;102m Fabi     [49m┆[48;2;65;77;71m 10        [49m┆[48;2;65;77;71m 10       [49m┆[48;2;65;77;71m 10     [49m┆[48;2;65;77;71m 10        [49m┆[48;2;65;77;71m 10     [49m┆[48;2;65;77;71m 10     [49m┆[48;2;65;77;71m 10     [49m┆[48;2;65;77;71m 10     [49m┆[48;2;65;77;71m 10       [49m┆[48;2;65;77;71m 10     [49m┆[48;2;65;77;71m 10     [49m│
│[48;2;69;76;102m Germain  [49m┆[48;2;65;77;71m 10        [49m┆[48;2;65;77;71m 10       [49m┆[48;2;65;77;71m 10     [49m┆[48;2;65;77;71m 10        [49m┆[48;2;65;77;71m 10     [49m┆[48;2;65;77;71m 10     [49m┆[48;2;65;77;71m 10     [49m┆[48;2;65;77;71m 10     [49m┆[48;2;65;77;71m 10       [49m┆[48;2;65;77;71m 10     [49m┆[48;2;65;77;71m 10     [49m│
│[48;2;69;76;102m Johannes [49m┆[48;2;65;77;71m 10        [49m┆[48;2;65;77;71m 10       [49m┆[48;2;65;77;71m 10     [49m┆[48;2;65;77;71m 10        [49m┆[48;2;65;77;71m 10     [49m┆[48;2;65;77;71m 10     [49m┆[48;2;65;77;71m 10     [49m┆[48;2;65;77;71m 10     [49m┆[48;2;65;77;71m 10       [49m┆[48;2;65;77;71m 10     [49m┆[48;2;65;77;71m 10     [49m│
│[48;2;69;76;102m Raul     [49m┆[48;2;65;77;71m 10        [49m┆[48;2;65;77;71m 10       [49m┆[48;2;65;77;71m 10     [49m┆[48;2;65;77;71m 10        [49m┆[48;2;65;77;71m 10     [49m┆[48;2;65;77;71m 10     [49m┆[48;2;65;77;71m 10     [49m┆[48;2;65;77;71m 10     [49m┆[48;2;65;77;71m 10       [49m┆[48;2;65;77;71m 10     [49m┆[48;2;65;77;71m 10     [49m│
│[48;2;69;76;102m Robin    [49m┆[48;2;65;77;71m 10        [49m┆[48;2;65;77;71m 10       [49m┆[48;2;65;77;71m 10     [49m┆[48;2;65;77;71m 10        [49m┆[48;2;65;77;71m 10     [49m┆[48;2;65;77;71m 10     [49m┆[48;2;65;77;71m 10     [49m┆[48;2;65;77;71m 10     [49m┆[48;2;65;77;71m 10       [49m┆[48;2;65;77;71m 10     [49m┆[48;2;65;77;71m 10     [49m│
│[48;2;69;76;102m Marwin   [49m┆[48;2;65;77;71m 10        [49m┆[48;2;65;77;71m 10       [49m┆[48;2;65;77;71m 10     [49m┆[48;2;65;77;71m 10        [49m┆[48;2;65;77;71m 10     [49m┆[48;2;65;77;71m 10     [49m┆[48;2;65;77;71m 10     [49m┆[48;2;65;77;71m 10     [49m┆[48;2;65;77;71m 10       [49m┆[48;2;65;77;71m 10     [49m┆[48;2;65;77;71m 10     [49m│
│[48;2;69;76;102m Laurenz  [49m┆[48;2;69;76;102m  9.091    [49m┆[48;2;69;76;102m  9.091   [49m┆[48;2;69;76;102m  9.091 [49m┆[48;2;69;76;102m  9.091    [49m┆[48;2;69;76;102m  9.091 [49m┆[48;2;69;76;102m  9.091 [49m┆[48;2;69;76;102m  9.091 [49m┆[48;2;69;76;102m  9.091 [49m┆[48;2;69;76;102m  9.091   [49m┆[48;2;69;76;102m  9.091 [49m┆[48;2;69;76;102m  9.091 [49m│
╰──────────┴───────────┴──────────┴────────┴───────────┴────────┴────────┴────────┴────────┴──────────┴────────┴────────╯
1796256000 left -> 30.7423 bits left

MB#0.75 E02
Marwin → Christin    10.000% ↘ [38;5;9m 0.000%[39m
---
-> I[l]/bits: {0: 0.15, 1: 3.32}
-> E[I]/bits: 0.47 = H
0 lights => I = 0.152 bits
╭──────────┬───────────┬──────────┬────────┬───────────┬────────┬────────┬────────┬────────┬──────────┬────────┬────────╮
│          ┆[48;2;74;68;89m Alexandra [49m┆[48;2;74;68;89m Christin [49m┆[48;2;74;68;89m  Emma  [49m┆[48;2;74;68;89m Francesca [49m┆[48;2;74;68;89m Janice [49m┆[48;2;74;68;89m  Jenny [49m┆[48;2;74;68;89m  Julia [49m┆[48;2;74;68;89m  Marta [49m┆[48;2;74;68;89m Michelle [49m┆[48;2;74;68;89m   Zoe  [49m┆[48;2;74;68;89m  Joena [49m│
╞══════════╪═══════════╪══════════╪════════╪═══════════╪════════╪════════╪════════╪════════╪══════════╪════════╪════════╡
│[48;2;69;76;102m Bennett  [49m┆[48;2;41;44;60m  9.899    [49m┆[48;2;65;77;71m 11.111   [49m┆[48;2;41;44;60m  9.899 [49m┆[48;2;41;44;60m  9.899    [49m┆[48;2;41;44;60m  9.899 [49m┆[48;2;41;44;60m  9.899 [49m┆[48;2;41;44;60m  9.899 [49m┆[48;2;41;44;60m  9.899 [49m┆[48;2;41;44;60m  9.899   [49m┆[48;2;41;44;60m  9.899 [49m┆[48;2;41;44;60m  9.899 [49m│
│[48;2;69;76;102m Brian    [49m┆  9.899    ┆[48;2;65;77;71m 11.111   [49m┆  9.899 ┆  9.899    ┆  9.899 ┆  9.899 ┆  9.899 ┆  9.899 ┆  9.899   ┆  9.899 ┆  9.899 │
│[48;2;69;76;102m Cansin   [49m┆[48;2;41;44;60m  9.899    [49m┆[48;2;65;77;71m 11.111   [49m┆[48;2;41;44;60m  9.899 [49m┆[48;2;41;44;60m  9.899    [49m┆[48;2;41;44;60m  9.899 [49m┆[48;2;41;44;60m  9.899 [49m┆[48;2;41;44;60m  9.899 [49m┆[48;2;41;44;60m  9.899 [49m┆[48;2;41;44;60m  9.899   [49m┆[48;2;41;44;60m  9.899 [49m┆[48;2;41;44;60m  9.899 [49m│
│[48;2;69;76;102m Daymian  [49m┆  9.899    ┆[48;2;65;77;71m 11.111   [49m┆  9.899 ┆  9.899    ┆  9.899 ┆  9.899 ┆  9.899 ┆  9.899 ┆  9.899   ┆  9.899 ┆  9.899 │
│[48;2;69;76;102m Fabi     [49m┆[48;2;41;44;60m  9.899    [49m┆[48;2;65;77;71m 11.111   [49m┆[48;2;41;44;60m  9.899 [49m┆[48;2;41;44;60m  9.899    [49m┆[48;2;41;44;60m  9.899 [49m┆[48;2;41;44;60m  9.899 [49m┆[48;2;41;44;60m  9.899 [49m┆[48;2;41;44;60m  9.899 [49m┆[48;2;41;44;60m  9.899   [49m┆[48;2;41;44;60m  9.899 [49m┆[48;2;41;44;60m  9.899 [49m│
│[48;2;69;76;102m Germain  [49m┆  9.899    ┆[48;2;65;77;71m 11.111   [49m┆  9.899 ┆  9.899    ┆  9.899 ┆  9.899 ┆  9.899 ┆  9.899 ┆  9.899   ┆  9.899 ┆  9.899 │
│[48;2;69;76;102m Johannes [49m┆[48;2;41;44;60m  9.899    [49m┆[48;2;65;77;71m 11.111   [49m┆[48;2;41;44;60m  9.899 [49m┆[48;2;41;44;60m  9.899    [49m┆[48;2;41;44;60m  9.899 [49m┆[48;2;41;44;60m  9.899 [49m┆[48;2;41;44;60m  9.899 [49m┆[48;2;41;44;60m  9.899 [49m┆[48;2;41;44;60m  9.899   [49m┆[48;2;41;44;60m  9.899 [49m┆[48;2;41;44;60m  9.899 [49m│
│[48;2;69;76;102m Raul     [49m┆  9.899    ┆[48;2;65;77;71m 11.111   [49m┆  9.899 ┆  9.899    ┆  9.899 ┆  9.899 ┆  9.899 ┆  9.899 ┆  9.899   ┆  9.899 ┆  9.899 │
│[48;2;69;76;102m Robin    [49m┆[48;2;41;44;60m  9.899    [49m┆[48;2;65;77;71m 11.111   [49m┆[48;2;41;44;60m  9.899 [49m┆[48;2;41;44;60m  9.899    [49m┆[48;2;41;44;60m  9.899 [49m┆[48;2;41;44;60m  9.899 [49m┆[48;2;41;44;60m  9.899 [49m┆[48;2;41;44;60m  9.899 [49m┆[48;2;41;44;60m  9.899   [49m┆[48;2;41;44;60m  9.899 [49m┆[48;2;41;44;60m  9.899 [49m│
│[48;2;69;76;102m Marwin   [49m┆[48;2;65;77;71m 10.909    [49m┆[38;5;9m  0       [39m┆[48;2;65;77;71m 10.909 [49m┆[48;2;65;77;71m 10.909    [49m┆[48;2;65;77;71m 10.909 [49m┆[48;2;65;77;71m 10.909 [49m┆[48;2;65;77;71m 10.909 [49m┆[48;2;65;77;71m 10.909 [49m┆[48;2;65;77;71m 10.909   [49m┆[48;2;65;77;71m 10.909 [49m┆[48;2;65;77;71m 10.909 [49m│
│[48;2;69;76;102m Laurenz  [49m┆[48;2;69;76;102m  9.091    [49m┆[48;2;69;76;102m  9.091   [49m┆[48;2;69;76;102m  9.091 [49m┆[48;2;69;76;102m  9.091    [49m┆[48;2;69;76;102m  9.091 [49m┆[48;2;69;76;102m  9.091 [49m┆[48;2;69;76;102m  9.091 [49m┆[48;2;69;76;102m  9.091 [49m┆[48;2;69;76;102m  9.091   [49m┆[48;2;69;76;102m  9.091 [49m┆[48;2;69;76;102m  9.091 [49m│
╰──────────┴───────────┴──────────┴────────┴───────────┴────────┴────────┴────────┴────────┴──────────┴────────┴────────╯
1616630400 left -> 30.5903 bits left

MB#1 E03
Robin → Marta     9.899% ↘ [38;5;9m 0.000%[39m
---
-> I[l]/bits: {0: 0.15, 1: 3.34}
-> E[I]/bits: 0.47 = H
0 lights => I = 0.1504 bits
╭──────────┬───────────┬──────────┬────────┬───────────┬────────┬────────┬────────┬────────┬──────────┬────────┬────────╮
│          ┆[48;2;74;68;89m Alexandra [49m┆[48;2;74;68;89m Christin [49m┆[48;2;74;68;89m  Emma  [49m┆[48;2;74;68;89m Francesca [49m┆[48;2;74;68;89m Janice [49m┆[48;2;74;68;89m  Jenny [49m┆[48;2;74;68;89m  Julia [49m┆[48;2;74;68;89m  Marta [49m┆[48;2;74;68;89m Michelle [49m┆[48;2;74;68;89m   Zoe  [49m┆[48;2;74;68;89m  Joena [49m│
╞══════════╪═══════════╪══════════╪════════╪═══════════╪════════╪════════╪════════╪════════╪══════════╪════════╪════════╡
│[48;2;69;76;102m Bennett  [49m┆[48;2;41;44;60m  9.803    [49m┆[48;2;69;76;102m 10.987   [49m┆[48;2;41;44;60m  9.803 [49m┆[48;2;41;44;60m  9.803    [49m┆[48;2;41;44;60m  9.803 [49m┆[48;2;41;44;60m  9.803 [49m┆[48;2;41;44;60m  9.803 [49m┆[48;2;69;76;102m 10.987 [49m┆[48;2;41;44;60m  9.803   [49m┆[48;2;41;44;60m  9.803 [49m┆[48;2;41;44;60m  9.803 [49m│
│[48;2;69;76;102m Brian    [49m┆  9.803    ┆[48;2;69;76;102m 10.987   [49m┆  9.803 ┆  9.803    ┆  9.803 ┆  9.803 ┆  9.803 ┆[48;2;69;76;102m 10.987 [49m┆  9.803   ┆  9.803 ┆  9.803 │
│[48;2;69;76;102m Cansin   [49m┆[48;2;41;44;60m  9.803    [49m┆[48;2;69;76;102m 10.987   [49m┆[48;2;41;44;60m  9.803 [49m┆[48;2;41;44;60m  9.803    [49m┆[48;2;41;44;60m  9.803 [49m┆[48;2;41;44;60m  9.803 [49m┆[48;2;41;44;60m  9.803 [49m┆[48;2;69;76;102m 10.987 [49m┆[48;2;41;44;60m  9.803   [49m┆[48;2;41;44;60m  9.803 [49m┆[48;2;41;44;60m  9.803 [49m│
│[48;2;69;76;102m Daymian  [49m┆  9.803    ┆[48;2;69;76;102m 10.987   [49m┆  9.803 ┆  9.803    ┆  9.803 ┆  9.803 ┆  9.803 ┆[48;2;69;76;102m 10.987 [49m┆  9.803   ┆  9.803 ┆  9.803 │
│[48;2;69;76;102m Fabi     [49m┆[48;2;41;44;60m  9.803    [49m┆[48;2;69;76;102m 10.987   [49m┆[48;2;41;44;60m  9.803 [49m┆[48;2;41;44;60m  9.803    [49m┆[48;2;41;44;60m  9.803 [49m┆[48;2;41;44;60m  9.803 [49m┆[48;2;41;44;60m  9.803 [49m┆[48;2;69;76;102m 10.987 [49m┆[48;2;41;44;60m  9.803   [49m┆[48;2;41;44;60m  9.803 [49m┆[48;2;41;44;60m  9.803 [49m│
│[48;2;69;76;102m Germain  [49m┆  9.803    ┆[48;2;69;76;102m 10.987   [49m┆  9.803 ┆  9.803    ┆  9.803 ┆  9.803 ┆  9.803 ┆[48;2;69;76;102m 10.987 [49m┆  9.803   ┆  9.803 ┆  9.803 │
│[48;2;69;76;102m Johannes [49m┆[48;2;41;44;60m  9.803    [49m┆[48;2;69;76;102m 10.987   [49m┆[48;2;41;44;60m  9.803 [49m┆[48;2;41;44;60m  9.803    [49m┆[48;2;41;44;60m  9.803 [49m┆[48;2;41;44;60m  9.803 [49m┆[48;2;41;44;60m  9.803 [49m┆[48;2;69;76;102m 10.987 [49m┆[48;2;41;44;60m  9.803   [49m┆[48;2;41;44;60m  9.803 [49m┆[48;2;41;44;60m  9.803 [49m│
│[48;2;69;76;102m Raul     [49m┆  9.803    ┆[48;2;69;76;102m 10.987   [49m┆  9.803 ┆  9.803    ┆  9.803 ┆  9.803 ┆  9.803 ┆[48;2;69;76;102m 10.987 [49m┆  9.803   ┆  9.803 ┆  9.803 │
│[48;2;69;76;102m Robin    [49m┆[48;2;74;68;89m 10.787    [49m┆[48;2;65;77;71m 12.108   [49m┆[48;2;74;68;89m 10.787 [49m┆[48;2;74;68;89m 10.787    [49m┆[48;2;74;68;89m 10.787 [49m┆[48;2;74;68;89m 10.787 [49m┆[48;2;74;68;89m 10.787 [49m┆[48;2;41;44;60m[38;5;9m  0     [49m[39m┆[48;2;74;68;89m 10.787   [49m┆[48;2;74;68;89m 10.787 [49m┆[48;2;74;68;89m 10.787 [49m│
│[48;2;69;76;102m Marwin   [49m┆[48;2;74;68;89m 10.787    [49m┆[38;5;9m  0       [39m┆[48;2;74;68;89m 10.787 [49m┆[48;2;74;68;89m 10.787    [49m┆[48;2;74;68;89m 10.787 [49m┆[48;2;74;68;89m 10.787 [49m┆[48;2;74;68;89m 10.787 [49m┆[48;2;65;77;71m 12.108 [49m┆[48;2;74;68;89m 10.787   [49m┆[48;2;74;68;89m 10.787 [49m┆[48;2;74;68;89m 10.787 [49m│
│[48;2;69;76;102m Laurenz  [49m┆[48;2;41;44;60m  9.09     [49m┆[48;2;69;76;102m  9.093   [49m┆[48;2;41;44;60m  9.09  [49m┆[48;2;41;44;60m  9.09     [49m┆[48;2;41;44;60m  9.09  [49m┆[48;2;41;44;60m  9.09  [49m┆[48;2;41;44;60m  9.09  [49m┆[48;2;69;76;102m  9.093 [49m┆[48;2;41;44;60m  9.09    [49m┆[48;2;41;44;60m  9.09  [49m┆[48;2;41;44;60m  9.09  [49m│
╰──────────┴───────────┴──────────┴────────┴───────────┴────────┴────────┴────────┴────────┴──────────┴────────┴────────╯
1456600320 left -> 30.44 bits left

MN#1 E04
0x Bennett  → Francesca     9.803% ↗ 28.890%
0x Brian    → Christin     10.987% ↗ 31.927%
0x Cansin   → Zoe           9.803% ↗ 28.890%
0x Daymian  → Julia         9.803% ↗ 28.890%
0x Fabi     → Janice        9.803% ↗ 28.890%
0x Germain  → Emma          9.803% ↗ 28.890%
0x Johannes → Marta        10.987% ↗ 31.927%
0x Marwin   → Michelle     10.787% ↗ 31.404%
0x Raul     → Alexandra     9.803% ↗ 28.890%
0x Robin    → Jenny        10.787% ↗ 31.404%
---
-> I[l]/bits: {0: 1.49, 1: 1.43, 2: 2.40, 3: 3.97, 4: 5.99, 5: 8.37, 6: 11.04, 7: 13.99, 8: 17.14, 9: 20.81, 10: 23.95}
-> E[I]/bits: 1.90 = H
3 lights => I = 3.9726 bits
╭──────────┬───────────┬──────────┬────────┬───────────┬────────┬────────┬────────┬────────┬──────────┬────────┬────────╮
│          ┆[48;2;74;68;89m Alexandra [49m┆[48;2;74;68;89m Christin [49m┆[48;2;74;68;89m  Emma  [49m┆[48;2;74;68;89m Francesca [49m┆[48;2;74;68;89m Janice [49m┆[48;2;74;68;89m  Jenny [49m┆[48;2;74;68;89m  Julia [49m┆[48;2;74;68;89m  Marta [49m┆[48;2;74;68;89m Michelle [49m┆[48;2;74;68;89m   Zoe  [49m┆[48;2;74;68;89m  Joena [49m│
╞══════════╪═══════════╪══════════╪════════╪═══════════╪════════╪════════╪════════╪════════╪══════════╪════════╪════════╡
│[48;2;69;76;102m Bennett  [49m┆[48;2;41;44;60m  7.834    [49m┆[48;2;41;44;60m  8.47    [49m┆[48;2;41;44;60m  7.834 [49m┆[48;2;65;77;71m 28.89     [49m┆[48;2;41;44;60m  7.834 [49m┆[48;2;41;44;60m  7.616 [49m┆[48;2;41;44;60m  7.834 [49m┆[48;2;41;44;60m  8.47  [49m┆[48;2;41;44;60m  7.616   [49m┆[48;2;41;44;60m  7.834 [49m┆[48;2;41;44;60m  9.899 [49m│
│[48;2;69;76;102m Brian    [49m┆  7.616    ┆[48;2;65;77;71m 31.927   [49m┆  7.616 ┆  7.616    ┆  7.616 ┆  7.403 ┆  7.616 ┆  8.225 ┆  7.384   ┆  7.616 ┆  9.665 │
│[48;2;69;76;102m Cansin   [49m┆[48;2;41;44;60m  7.834    [49m┆[48;2;41;44;60m  8.47    [49m┆[48;2;41;44;60m  7.834 [49m┆[48;2;41;44;60m  7.834    [49m┆[48;2;41;44;60m  7.834 [49m┆[48;2;41;44;60m  7.616 [49m┆[48;2;41;44;60m  7.834 [49m┆[48;2;41;44;60m  8.47  [49m┆[48;2;41;44;60m  7.616   [49m┆[48;2;65;77;71m 28.89  [49m┆[48;2;41;44;60m  9.899 [49m│
│[48;2;69;76;102m Daymian  [49m┆  7.834    ┆  8.47    ┆  7.834 ┆  7.834    ┆  7.834 ┆  7.616 ┆[48;2;65;77;71m 28.89  [49m┆  8.47  ┆  7.616   ┆  7.834 ┆  9.899 │
│[48;2;69;76;102m Fabi     [49m┆[48;2;41;44;60m  7.834    [49m┆[48;2;41;44;60m  8.47    [49m┆[48;2;41;44;60m  7.834 [49m┆[48;2;41;44;60m  7.834    [49m┆[48;2;65;77;71m 28.89  [49m┆[48;2;41;44;60m  7.616 [49m┆[48;2;41;44;60m  7.834 [49m┆[48;2;41;44;60m  8.47  [49m┆[48;2;41;44;60m  7.616   [49m┆[48;2;41;44;60m  7.834 [49m┆[48;2;41;44;60m  9.899 [49m│
│[48;2;69;76;102m Germain  [49m┆  7.834    ┆  8.47    ┆[48;2;65;77;71m 28.89  [49m┆  7.834    ┆  7.834 ┆  7.616 ┆  7.834 ┆  8.47  ┆  7.616   ┆  7.834 ┆  9.899 │
│[48;2;69;76;102m Johannes [49m┆[48;2;41;44;60m  7.616    [49m┆[48;2;41;44;60m  8.225   [49m┆[48;2;41;44;60m  7.616 [49m┆[48;2;41;44;60m  7.616    [49m┆[48;2;41;44;60m  7.616 [49m┆[48;2;41;44;60m  7.384 [49m┆[48;2;41;44;60m  7.616 [49m┆[48;2;65;77;71m 31.927 [49m┆[48;2;41;44;60m  7.403   [49m┆[48;2;41;44;60m  7.616 [49m┆[48;2;41;44;60m  9.665 [49m│
│[48;2;69;76;102m Raul     [49m┆[48;2;65;77;71m 28.89     [49m┆  8.47    ┆  7.834 ┆  7.834    ┆  7.834 ┆  7.616 ┆  7.834 ┆  8.47  ┆  7.616   ┆  7.834 ┆  9.899 │
│[48;2;69;76;102m Robin    [49m┆[48;2;41;44;60m  8.355    [49m┆[48;2;41;44;60m  9.025   [49m┆[48;2;41;44;60m  8.355 [49m┆[48;2;41;44;60m  8.355    [49m┆[48;2;41;44;60m  8.355 [49m┆[48;2;65;77;71m 31.404 [49m┆[48;2;41;44;60m  8.355 [49m┆[48;2;41;44;60m[38;5;9m  0     [49m[39m┆[48;2;41;44;60m  8.114   [49m┆[48;2;41;44;60m  8.355 [49m┆[48;2;74;68;89m 10.638 [49m│
│[48;2;69;76;102m Marwin   [49m┆  8.355    ┆[38;5;9m  0       [39m┆  8.355 ┆  8.355    ┆  8.355 ┆  8.114 ┆  8.355 ┆  9.025 ┆[48;2;65;77;71m 31.404   [49m┆  8.355 ┆[48;2;74;68;89m 10.638 [49m│
│[48;2;69;76;102m Laurenz  [49m┆[48;2;41;44;60m  9.081    [49m┆[48;2;41;44;60m  9.093   [49m┆[48;2;41;44;60m  9.081 [49m┆[48;2;41;44;60m  9.081    [49m┆[48;2;41;44;60m  9.081 [49m┆[48;2;69;76;102m  9.129 [49m┆[48;2;41;44;60m  9.081 [49m┆[48;2;41;44;60m  9.093 [49m┆[48;2;69;76;102m  9.129   [49m┆[48;2;41;44;60m  9.081 [49m┆[48;2;41;44;60m  9.073 [49m│
╰──────────┴───────────┴──────────┴────────┴───────────┴────────┴────────┴────────┴────────┴──────────┴────────┴────────╯
92785428 left -> 26.4674 bits left

MB#2 E05
Daymian → Julia    28.890% ↘ [38;5;9m 0.000%[39m
---
-> I[l]/bits: {0: 0.49, 1: 1.79}
-> E[I]/bits: 0.87 = H
0 lights => I = 0.4919 bits
╭──────────┬───────────┬──────────┬────────┬───────────┬────────┬────────┬────────┬────────┬──────────┬────────┬────────╮
│          ┆[48;2;74;68;89m Alexandra [49m┆[48;2;74;68;89m Christin [49m┆[48;2;74;68;89m  Emma  [49m┆[48;2;74;68;89m Francesca [49m┆[48;2;74;68;89m Janice [49m┆[48;2;74;68;89m  Jenny [49m┆[48;2;74;68;89m  Julia [49m┆[48;2;74;68;89m  Marta [49m┆[48;2;74;68;89m Michelle [49m┆[48;2;74;68;89m   Zoe  [49m┆[48;2;74;68;89m  Joena [49m│
╞══════════╪═══════════╪══════════╪════════╪═══════════╪════════╪════════╪════════╪════════╪══════════╪════════╪════════╡
│[48;2;69;76;102m Bennett  [49m┆[48;2;41;44;60m  7.158    [49m┆[48;2;41;44;60m  7.64    [49m┆[48;2;41;44;60m  7.158 [49m┆[48;2;65;77;71m 32.07     [49m┆[48;2;41;44;60m  7.158 [49m┆[48;2;41;44;60m  6.928 [49m┆[48;2;41;44;60m 11.016 [49m┆[48;2;41;44;60m  7.64  [49m┆[48;2;41;44;60m  6.928   [49m┆[48;2;41;44;60m  7.158 [49m┆[48;2;41;44;60m  9.568 [49m│
│[48;2;69;76;102m Brian    [49m┆  6.928    ┆[48;2;65;77;71m 35.191   [49m┆  6.928 ┆  6.928    ┆  6.928 ┆  6.705 ┆ 10.71  ┆  7.387 ┆  6.67    ┆  6.928 ┆  9.305 │
│[48;2;69;76;102m Cansin   [49m┆[48;2;41;44;60m  7.158    [49m┆[48;2;41;44;60m  7.64    [49m┆[48;2;41;44;60m  7.158 [49m┆[48;2;41;44;60m  7.158    [49m┆[48;2;41;44;60m  7.158 [49m┆[48;2;41;44;60m  6.928 [49m┆[48;2;41;44;60m 11.016 [49m┆[48;2;41;44;60m  7.64  [49m┆[48;2;41;44;60m  6.928   [49m┆[48;2;65;77;71m 32.07  [49m┆[48;2;41;44;60m  9.568 [49m│
│[48;2;69;76;102m Daymian  [49m┆ 10.349    ┆ 11.176   ┆ 10.349 ┆ 10.349    ┆ 10.349 ┆ 10.054 ┆[38;5;9m  0     [39m┆ 11.176 ┆ 10.054   ┆ 10.349 ┆[48;2;65;77;71m 13.178 [49m│
│[48;2;69;76;102m Fabi     [49m┆[48;2;41;44;60m  7.158    [49m┆[48;2;41;44;60m  7.64    [49m┆[48;2;41;44;60m  7.158 [49m┆[48;2;41;44;60m  7.158    [49m┆[48;2;65;77;71m 32.07  [49m┆[48;2;41;44;60m  6.928 [49m┆[48;2;41;44;60m 11.016 [49m┆[48;2;41;44;60m  7.64  [49m┆[48;2;41;44;60m  6.928   [49m┆[48;2;41;44;60m  7.158 [49m┆[48;2;41;44;60m  9.568 [49m│
│[48;2;69;76;102m Germain  [49m┆  7.158    ┆  7.64    ┆[48;2;65;77;71m 32.07  [49m┆  7.158    ┆  7.158 ┆  6.928 ┆ 11.016 ┆  7.64  ┆  6.928   ┆  7.158 ┆  9.568 │
│[48;2;69;76;102m Johannes [49m┆[48;2;41;44;60m  6.928    [49m┆[48;2;41;44;60m  7.387   [49m┆[48;2;41;44;60m  6.928 [49m┆[48;2;41;44;60m  6.928    [49m┆[48;2;41;44;60m  6.928 [49m┆[48;2;41;44;60m  6.67  [49m┆[48;2;41;44;60m 10.71  [49m┆[48;2;65;77;71m 35.191 [49m┆[48;2;41;44;60m  6.705   [49m┆[48;2;41;44;60m  6.928 [49m┆[48;2;41;44;60m  9.305 [49m│
│[48;2;69;76;102m Raul     [49m┆[48;2;65;77;71m 32.07     [49m┆  7.64    ┆  7.158 ┆  7.158    ┆  7.158 ┆  6.928 ┆ 11.016 ┆  7.64  ┆  6.928   ┆  7.158 ┆  9.568 │
│[48;2;69;76;102m Robin    [49m┆[48;2;41;44;60m  7.546    [49m┆[48;2;41;44;60m  8.043   [49m┆[48;2;41;44;60m  7.546 [49m┆[48;2;41;44;60m  7.546    [49m┆[48;2;41;44;60m  7.546 [49m┆[48;2;65;77;71m 34.634 [49m┆[48;2;74;68;89m 11.75  [49m┆[48;2;41;44;60m[38;5;9m  0     [49m[39m┆[48;2;41;44;60m  7.297   [49m┆[48;2;41;44;60m  7.546 [49m┆[48;2;41;44;60m 10.186 [49m│
│[48;2;69;76;102m Marwin   [49m┆  7.546    ┆[38;5;9m  0       [39m┆  7.546 ┆  7.546    ┆  7.546 ┆  7.297 ┆[48;2;74;68;89m 11.75  [49m┆  8.043 ┆[48;2;65;77;71m 34.634   [49m┆  7.546 ┆ 10.186 │
│[48;2;69;76;102m Laurenz  [49m┆[48;2;41;44;60m  9.084    [49m┆[48;2;41;44;60m  9.107   [49m┆[48;2;41;44;60m  9.084 [49m┆[48;2;41;44;60m  9.084    [49m┆[48;2;41;44;60m  9.084 [49m┆[48;2;69;76;102m  9.139 [49m┆[48;2;41;44;60m  9.018 [49m┆[48;2;41;44;60m  9.107 [49m┆[48;2;69;76;102m  9.139   [49m┆[48;2;41;44;60m  9.084 [49m┆[48;2;41;44;60m  9.069 [49m│
╰──────────┴───────────┴──────────┴────────┴───────────┴────────┴────────┴────────┴────────┴──────────┴────────┴────────╯
65980062 left -> 25.9755 bits left

MN#2 E06
0x Bennett  → Joena         9.568% ↗ 20.679%
0x Brian    → Alexandra     6.928% ↗ 16.419%
1x Cansin   → Zoe          32.070% ↗ [38;5;11m53.078%[39m
0x Daymian  → Jenny        10.054% ↗ 22.306%
0x Fabi     → Julia        11.016% ↗ 23.894%
1x Germain  → Emma         32.070% ↗ [38;5;11m53.078%[39m
0x Johannes → Janice        6.928% ↗ 16.441%
1x Marwin   → Michelle     34.634% ↗ [38;5;14m56.537%[39m
0x Raul     → Marta         7.640% ↗ 18.187%
0x Robin    → Christin      8.043% ↗ 19.381%
---
-> I[l]/bits: {0: 2.64, 1: 1.48, 2: 1.80, 3: 2.89, 4: 4.49, 5: 6.49, 6: 8.79, 7: 11.38, 8: 14.18, 9: 17.28, 10: 19.64}
-> E[I]/bits: 2.16 = H
3 lights => I = 2.886 bits
╭──────────┬───────────┬──────────┬────────┬───────────┬────────┬────────┬────────┬────────┬──────────┬────────┬────────╮
│          ┆[48;2;74;68;89m Alexandra [49m┆[48;2;74;68;89m Christin [49m┆[48;2;74;68;89m  Emma  [49m┆[48;2;74;68;89m Francesca [49m┆[48;2;74;68;89m Janice [49m┆[48;2;74;68;89m  Jenny [49m┆[48;2;74;68;89m  Julia [49m┆[48;2;74;68;89m  Marta [49m┆[48;2;74;68;89m Michelle [49m┆[48;2;74;68;89m   Zoe  [49m┆[48;2;74;68;89m  Joena [49m│
╞══════════╪═══════════╪══════════╪════════╪═══════════╪════════╪════════╪════════╪════════╪══════════╪════════╪════════╡
│[48;2;69;76;102m Bennett  [49m┆[48;2;41;44;60m  7.943    [49m┆[48;2;41;44;60m  8.219   [49m┆[48;2;41;44;60m  5.071 [49m┆[48;2;65;77;71m 24.832    [49m┆[48;2;41;44;60m  7.873 [49m┆[48;2;41;44;60m  7.311 [49m┆[48;2;41;44;60m  9.858 [49m┆[48;2;41;44;60m  8.607 [49m┆[48;2;41;44;60m  4.707   [49m┆[48;2;41;44;60m  5.071 [49m┆[48;2;74;68;89m 20.679 [49m│
│[48;2;69;76;102m Brian    [49m┆ 16.419    ┆[48;2;65;77;71m 23.131   [49m┆  5.53  ┆  8.779    ┆  8.437 ┆  7.856 ┆ 10.511 ┆  9.153 ┆  5.105   ┆  5.53  ┆  9.372 │
│[48;2;69;76;102m Cansin   [49m┆[48;2;41;44;60m  6.028    [49m┆[48;2;41;44;60m  6.217   [49m┆[48;2;41;44;60m  3.559 [49m┆[48;2;41;44;60m  6.513    [49m┆[48;2;41;44;60m  6.041 [49m┆[48;2;41;44;60m  5.57  [49m┆[48;2;41;44;60m  7.731 [49m┆[48;2;41;44;60m  6.537 [49m┆[48;2;41;44;60m  3.276   [49m┆[48;2;65;77;71m[38;5;11m 53.078 [49m[39m┆[48;2;41;44;60m  6.92  [49m│
│[48;2;69;76;102m Daymian  [49m┆ 10.318    ┆ 10.784   ┆  7.007 ┆ 11.049    ┆ 10.219 ┆[48;2;69;76;102m 22.306 [49m┆[38;5;9m  0     [39m┆ 11.277 ┆  6.531   ┆  7.007 ┆ 11.14  │
│[48;2;69;76;102m Fabi     [49m┆[48;2;41;44;60m  8.014    [49m┆[48;2;41;44;60m  8.385   [49m┆[48;2;41;44;60m  5.178 [49m┆[48;2;41;44;60m  8.436    [49m┆[48;2;74;68;89m 21.09  [49m┆[48;2;41;44;60m  7.473 [49m┆[48;2;65;77;71m 23.894 [49m┆[48;2;41;44;60m  8.748 [49m┆[48;2;41;44;60m  4.808   [49m┆[48;2;41;44;60m  5.178 [49m┆[48;2;41;44;60m  8.926 [49m│
│[48;2;69;76;102m Germain  [49m┆  6.028    ┆  6.217   ┆[48;2;65;77;71m[38;5;11m 53.078 [49m[39m┆  6.513    ┆  6.041 ┆  5.57  ┆  7.731 ┆  6.537 ┆  3.276   ┆  3.559 ┆  6.92  │
│[48;2;69;76;102m Johannes [49m┆[48;2;41;44;60m  8.333    [49m┆[48;2;41;44;60m  8.733   [49m┆[48;2;41;44;60m  5.455 [49m┆[48;2;41;44;60m  8.65     [49m┆[48;2;41;44;60m 16.441 [49m┆[48;2;41;44;60m  7.833 [49m┆[48;2;41;44;60m 10.426 [49m┆[48;2;65;77;71m 24.2   [49m┆[48;2;41;44;60m  5.075   [49m┆[48;2;41;44;60m  5.455 [49m┆[48;2;41;44;60m  9.289 [49m│
│[48;2;69;76;102m Raul     [49m┆[48;2;65;77;71m 21.552    [49m┆  8.933   ┆  5.532 ┆  8.86     ┆  8.393 ┆  7.867 ┆ 10.463 ┆ 18.187 ┆  5.142   ┆  5.532 ┆  9.368 │
│[48;2;69;76;102m Robin    [49m┆[48;2;41;44;60m  9.154    [49m┆[48;2;41;44;60m 19.381   [49m┆[48;2;41;44;60m  5.988 [49m┆[48;2;41;44;60m  9.635    [49m┆[48;2;41;44;60m  9.222 [49m┆[48;2;65;77;71m 22.502 [49m┆[48;2;41;44;60m 11.376 [49m┆[48;2;41;44;60m[38;5;9m  0     [49m[39m┆[48;2;41;44;60m  5.542   [49m┆[48;2;41;44;60m  5.988 [49m┆[48;2;41;44;60m 10.219 [49m│
│[48;2;69;76;102m Marwin   [49m┆  6.212    ┆[38;5;9m  0       [39m┆  3.601 ┆  6.735    ┆  6.244 ┆  5.711 ┆  8.01  ┆  6.753 ┆[48;2;65;77;71m[38;5;14m 56.537   [49m[39m┆  3.601 ┆  7.168 │
│[48;2;69;76;102m Laurenz  [49m┆[48;2;41;44;60m  9.013    [49m┆[48;2;41;44;60m  9.088   [49m┆[48;2;41;44;60m  9.164 [49m┆[48;2;41;44;60m  9.072    [49m┆[48;2;41;44;60m  9.014 [49m┆[48;2;41;44;60m  9.131 [49m┆[48;2;41;44;60m  9.017 [49m┆[48;2;41;44;60m  9.007 [49m┆[48;2;69;76;102m  9.274   [49m┆[48;2;41;44;60m  9.164 [49m┆[48;2;41;44;60m  9.056 [49m│
╰──────────┴───────────┴──────────┴────────┴───────────┴────────┴────────┴────────┴────────┴──────────┴────────┴────────╯
8925705 left -> 23.0895 bits left

MB#3 E07
Johannes → Marta    24.200% ↗ [38;5;10m100.000%[39m
---
-> I[l]/bits: {0: 0.10, 1: 3.90}
-> E[I]/bits: 0.35 = H
1 lights => I = 6.5072 bits
╭──────────┬───────────┬──────────┬────────┬───────────┬────────┬────────┬────────┬───────┬──────────┬────────┬────────╮
│          ┆[48;2;74;68;89m Alexandra [49m┆[48;2;74;68;89m Christin [49m┆[48;2;74;68;89m  Emma  [49m┆[48;2;74;68;89m Francesca [49m┆[48;2;74;68;89m[38;5;10m Janice [49m[39m┆[48;2;74;68;89m  Jenny [49m┆[48;2;74;68;89m  Julia [49m┆[48;2;74;68;89m[38;5;10m Marta [49m[39m┆[48;2;74;68;89m Michelle [49m┆[48;2;74;68;89m   Zoe  [49m┆[48;2;74;68;89m  Joena [49m│
╞══════════╪═══════════╪══════════╪════════╪═══════════╪════════╪════════╪════════╪═══════╪══════════╪════════╪════════╡
│[48;2;69;76;102m Bennett  [49m┆[48;2;41;44;60m  9.355    [49m┆[48;2;41;44;60m 11.336   [49m┆[48;2;41;44;60m  7.503 [49m┆[48;2;65;77;71m 20.994    [49m┆[48;2;41;44;60m[38;5;9m  0     [49m[39m┆[48;2;41;44;60m  9.19  [49m┆[48;2;41;44;60m 11.116 [49m┆[48;2;41;44;60m[38;5;9m  0    [49m[39m┆[48;2;41;44;60m  6.916   [49m┆[48;2;41;44;60m  7.503 [49m┆[48;2;74;68;89m 16.087 [49m│
│[48;2;69;76;102m Brian    [49m┆ 11.254    ┆[48;2;65;77;71m 20.747   [49m┆  7.97  ┆ 10.006    ┆[38;5;9m  0     [39m┆ 10.859 ┆ 12.584 ┆[38;5;9m  0    [39m┆  7.383   ┆  7.97  ┆ 11.226 │
│[48;2;69;76;102m Cansin   [49m┆[48;2;41;44;60m  7.796    [49m┆[48;2;41;44;60m  8.75    [49m┆[48;2;41;44;60m  5.833 [49m┆[48;2;41;44;60m  8.172    [49m┆[48;2;41;44;60m[38;5;9m  0     [49m[39m┆[48;2;41;44;60m  7.704 [49m┆[48;2;41;44;60m  9.575 [49m┆[48;2;41;44;60m[38;5;9m  0    [49m[39m┆[48;2;41;44;60m  5.228   [49m┆[48;2;65;77;71m 38.237 [49m┆[48;2;41;44;60m  8.704 [49m│
│[48;2;69;76;102m Daymian  [49m┆ 12.675    ┆ 14.565   ┆  9.86  ┆ 12.584    ┆[38;5;9m  0     [39m┆[48;2;65;77;71m 18.784 [49m┆[38;5;9m  0     [39m┆[38;5;9m  0    [39m┆  9.163   ┆  9.86  ┆ 12.51  │
│[48;2;69;76;102m Fabi     [49m┆[48;2;41;44;60m 10.291    [49m┆[48;2;41;44;60m 11.997   [49m┆[48;2;41;44;60m  8.273 [49m┆[48;2;41;44;60m 10.63     [49m┆[48;2;41;44;60m[38;5;9m  0     [49m[39m┆[48;2;41;44;60m 10.236 [49m┆[48;2;65;77;71m 21.902 [49m┆[48;2;41;44;60m[38;5;9m  0    [49m[39m┆[48;2;41;44;60m  7.668   [49m┆[48;2;41;44;60m  8.273 [49m┆[48;2;41;44;60m 10.731 [49m│
│[48;2;69;76;102m Germain  [49m┆  7.796    ┆  8.75    ┆[48;2;65;77;71m 38.237 [49m┆  8.172    ┆[38;5;9m  0     [39m┆  7.704 ┆  9.575 ┆[38;5;9m  0    [39m┆  5.228   ┆  5.833 ┆  8.704 │
│[48;2;69;76;102m[38;5;10m Johannes [49m[39m┆[48;2;41;44;60m[38;5;9m  0        [49m[39m┆[48;2;41;44;60m[38;5;9m  0       [49m[39m┆[48;2;41;44;60m[38;5;9m  0     [49m[39m┆[48;2;41;44;60m[38;5;9m  0        [49m[39m┆[48;2;65;77;71m[38;5;10m 100    [49m[39m┆[48;2;41;44;60m[38;5;9m  0     [49m[39m┆[48;2;41;44;60m[38;5;9m  0     [49m[39m┆[48;2;65;77;71m[38;5;10m 100   [49m[39m┆[48;2;41;44;60m[38;5;9m  0       [49m[39m┆[48;2;41;44;60m[38;5;9m  0     [49m[39m┆[48;2;41;44;60m[38;5;9m  0     [49m[39m│
│[48;2;69;76;102m Raul     [49m┆[48;2;65;77;71m 21.334    [49m┆ 11.547   ┆  8.071 ┆  9.86     ┆[38;5;9m  0     [39m┆ 10.116 ┆ 12.428 ┆[38;5;9m  0    [39m┆  7.53    ┆  8.071 ┆ 11.043 │
│[48;2;69;76;102m Robin    [49m┆[48;2;41;44;60m 11.208    [49m┆[48;2;41;44;60m 12.309   [49m┆[48;2;41;44;60m  8.255 [49m┆[48;2;41;44;60m 10.841    [49m┆[48;2;41;44;60m[38;5;9m  0     [49m[39m┆[48;2;69;76;102m 17.261 [49m┆[48;2;41;44;60m 12.584 [49m┆[48;2;41;44;60m[38;5;9m  0    [49m[39m┆[48;2;41;44;60m  7.695   [49m┆[48;2;41;44;60m  8.255 [49m┆[48;2;41;44;60m 11.593 [49m│
│[48;2;69;76;102m Marwin   [49m┆  8.291    ┆[38;5;9m  0       [39m┆  5.998 ┆  8.741    ┆[38;5;9m  0     [39m┆  8.145 ┆ 10.236 ┆[38;5;9m  0    [39m┆[48;2;65;77;71m 43.19    [49m┆  5.998 ┆  9.401 │
│[48;2;69;76;102m Laurenz  [49m┆[48;2;69;76;102m 11.111    [49m┆[48;2;69;76;102m 11.111   [49m┆[48;2;69;76;102m 11.111 [49m┆[48;2;69;76;102m 11.111    [49m┆[48;2;41;44;60m[38;5;9m  0     [49m[39m┆[48;2;69;76;102m 11.111 [49m┆[48;2;69;76;102m 11.111 [49m┆[48;2;41;44;60m[38;5;9m  0    [49m[39m┆[48;2;69;76;102m 11.111   [49m┆[48;2;69;76;102m 11.111 [49m┆[48;2;69;76;102m 11.111 [49m│
╰──────────┴───────────┴──────────┴────────┴───────────┴────────┴────────┴────────┴───────┴──────────┴────────┴────────╯
98127 left -> 16.5824 bits left

MN#3 E08
0x Bennett  → Julia        11.116%  ↗ 26.325%
0x Brian    → Francesca    10.006%  ↗ 23.466%
0x Cansin   → Jenny         7.704%  ↗ 17.987%
0x Daymian  → Zoe           9.860%  ↗ 23.585%
0x Fabi     → Emma          8.273%  ↗ 19.893%
0x Germain  → Alexandra     7.796%  ↗ 18.999%
1x Johannes → Marta    [38;5;10m    100.000%[39m          
0x Marwin   → Joena         9.401%  ↗ 21.858%
0x Raul     → Michelle      7.530%  ↗ 18.166%
1x Robin    → Christin     12.309%  ↗ 29.720%
---
-> I[l]/bits: {1: 1.23, 2: 1.44, 3: 2.70, 4: 4.60, 5: 6.94, 6: 9.95, 7: 12.41}
-> E[I]/bits: 1.73 = H
3 lights => I = 2.6991 bits
╭──────────┬───────────┬──────────┬────────┬───────────┬────────┬────────┬────────┬───────┬──────────┬────────┬────────╮
│          ┆[48;2;74;68;89m Alexandra [49m┆[48;2;74;68;89m Christin [49m┆[48;2;74;68;89m  Emma  [49m┆[48;2;74;68;89m Francesca [49m┆[48;2;74;68;89m[38;5;10m Janice [49m[39m┆[48;2;74;68;89m  Jenny [49m┆[48;2;74;68;89m  Julia [49m┆[48;2;74;68;89m[38;5;10m Marta [49m[39m┆[48;2;74;68;89m Michelle [49m┆[48;2;74;68;89m   Zoe  [49m┆[48;2;74;68;89m  Joena [49m│
╞══════════╪═══════════╪══════════╪════════╪═══════════╪════════╪════════╪════════╪═══════╪══════════╪════════╪════════╡
│[48;2;69;76;102m Bennett  [49m┆[48;2;41;44;60m  5.122    [49m┆[48;2;41;44;60m  8.1     [49m┆[48;2;41;44;60m  5.003 [49m┆[48;2;74;68;89m 25.372    [49m┆[48;2;41;44;60m[38;5;9m  0     [49m[39m┆[48;2;41;44;60m  7.981 [49m┆[48;2;65;77;71m 26.325 [49m┆[48;2;41;44;60m[38;5;9m  0    [49m[39m┆[48;2;41;44;60m  5.003   [49m┆[48;2;41;44;60m  5.003 [49m┆[48;2;41;44;60m 12.091 [49m│
│[48;2;69;76;102m Brian    [49m┆ 10.066    ┆ 16.915   ┆  6.432 ┆[48;2;69;76;102m 23.466    [49m┆[38;5;9m  0     [39m┆ 10.721 ┆  9.827 ┆[38;5;9m  0    [39m┆  6.194   ┆  6.671 ┆  9.708 │
│[48;2;69;76;102m Cansin   [49m┆[48;2;41;44;60m  5.777    [49m┆[48;2;41;44;60m  6.909   [49m┆[48;2;41;44;60m  4.586 [49m┆[48;2;41;44;60m  6.135    [49m┆[48;2;41;44;60m[38;5;9m  0     [49m[39m┆[48;2;74;68;89m 17.987 [49m┆[48;2;41;44;60m  8.815 [49m┆[48;2;41;44;60m[38;5;9m  0    [49m[39m┆[48;2;41;44;60m  4.288   [49m┆[48;2;65;77;71m 37.344 [49m┆[48;2;41;44;60m  8.16  [49m│
│[48;2;69;76;102m Daymian  [49m┆ 10.363    ┆ 12.21    ┆  8.934 ┆  9.887    ┆[38;5;9m  0     [39m┆ 14.294 ┆[38;5;9m  0     [39m┆[38;5;9m  0    [39m┆  8.1     ┆[48;2;69;76;102m 23.585 [49m┆ 12.627 │
│[48;2;69;76;102m Fabi     [49m┆[48;2;41;44;60m  8.874    [49m┆[48;2;41;44;60m 10.185   [49m┆[48;2;69;76;102m 19.893 [49m┆[48;2;41;44;60m  8.338    [49m┆[48;2;41;44;60m[38;5;9m  0     [49m[39m┆[48;2;41;44;60m 10.84  [49m┆[48;2;41;44;60m 17.451 [49m┆[48;2;41;44;60m[38;5;9m  0    [49m[39m┆[48;2;41;44;60m  7.207   [49m┆[48;2;41;44;60m  7.385 [49m┆[48;2;41;44;60m  9.827 [49m│
│[48;2;69;76;102m Germain  [49m┆ 18.999    ┆  6.313   ┆[48;2;65;77;71m 37.463 [49m┆  5.539    ┆[38;5;9m  0     [39m┆  7.028 ┆  8.755 ┆[38;5;9m  0    [39m┆  4.229   ┆  4.11  ┆  7.564 │
│[48;2;69;76;102m[38;5;10m Johannes [49m[39m┆[48;2;41;44;60m[38;5;9m  0        [49m[39m┆[48;2;41;44;60m[38;5;9m  0       [49m[39m┆[48;2;41;44;60m[38;5;9m  0     [49m[39m┆[48;2;41;44;60m[38;5;9m  0        [49m[39m┆[48;2;65;77;71m[38;5;10m 100    [49m[39m┆[48;2;41;44;60m[38;5;9m  0     [49m[39m┆[48;2;41;44;60m[38;5;9m  0     [49m[39m┆[48;2;65;77;71m[38;5;10m 100   [49m[39m┆[48;2;41;44;60m[38;5;9m  0       [49m[39m┆[48;2;41;44;60m[38;5;9m  0     [49m[39m┆[48;2;41;44;60m[38;5;9m  0     [49m[39m│
│[48;2;69;76;102m Raul     [49m┆[48;2;65;77;71m 25.551    [49m┆  9.649   ┆  6.73  ┆  6.73     ┆[38;5;9m  0     [39m┆  8.577 ┆ 10.066 ┆[38;5;9m  0    [39m┆ 18.166   ┆  6.075 ┆  8.457 │
│[48;2;69;76;102m Robin    [49m┆[48;2;41;44;60m  9.172    [49m┆[48;2;65;77;71m 29.72    [49m┆[48;2;41;44;60m  5.956 [49m┆[48;2;41;44;60m  8.636    [49m┆[48;2;41;44;60m[38;5;9m  0     [49m[39m┆[48;2;41;44;60m 15.783 [49m┆[48;2;41;44;60m 10.363 [49m┆[48;2;41;44;60m[38;5;9m  0    [49m[39m┆[48;2;41;44;60m  5.241   [49m┆[48;2;41;44;60m  5.42  [49m┆[48;2;41;44;60m  9.708 [49m│
│[48;2;69;76;102m Marwin   [49m┆  6.075    ┆[38;5;9m  0       [39m┆  5.003 ┆  5.896    ┆[38;5;9m  0     [39m┆  6.79  ┆  8.398 ┆[38;5;9m  0    [39m┆[48;2;65;77;71m 41.572   [49m┆  4.407 ┆[48;2;74;68;89m 21.858 [49m│
│[48;2;69;76;102m Laurenz  [49m┆[48;2;69;76;102m 11.111    [49m┆[48;2;69;76;102m 11.111   [49m┆[48;2;69;76;102m 11.111 [49m┆[48;2;69;76;102m 11.111    [49m┆[48;2;41;44;60m[38;5;9m  0     [49m[39m┆[48;2;69;76;102m 11.111 [49m┆[48;2;69;76;102m 11.111 [49m┆[48;2;41;44;60m[38;5;9m  0    [49m[39m┆[48;2;69;76;102m 11.111   [49m┆[48;2;69;76;102m 11.111 [49m┆[48;2;69;76;102m 11.111 [49m│
╰──────────┴───────────┴──────────┴────────┴───────────┴────────┴────────┴────────┴───────┴──────────┴────────┴────────╯
15111 left -> 13.8833 bits left

MB#4 E09
Bennett → Julia    26.325% ↘ [38;5;9m 0.000%[39m
---
-> I[l]/bits: {0: 0.44, 1: 1.93}
-> E[I]/bits: 0.83 = H
0 lights => I = 0.4408 bits
╭──────────┬───────────┬──────────┬────────┬───────────┬────────┬────────┬────────┬───────┬──────────┬────────┬────────╮
│          ┆[48;2;74;68;89m Alexandra [49m┆[48;2;74;68;89m Christin [49m┆[48;2;74;68;89m  Emma  [49m┆[48;2;74;68;89m Francesca [49m┆[48;2;74;68;89m[38;5;10m Janice [49m[39m┆[48;2;74;68;89m  Jenny [49m┆[48;2;74;68;89m  Julia [49m┆[48;2;74;68;89m[38;5;10m Marta [49m[39m┆[48;2;74;68;89m Michelle [49m┆[48;2;74;68;89m   Zoe  [49m┆[48;2;74;68;89m  Joena [49m│
╞══════════╪═══════════╪══════════╪════════╪═══════════╪════════╪════════╪════════╪═══════╪══════════╪════════╪════════╡
│[48;2;69;76;102m Bennett  [49m┆[48;2;41;44;60m  6.952    [49m┆[48;2;41;44;60m 10.994   [49m┆[48;2;41;44;60m  6.791 [49m┆[48;2;65;77;71m 34.438    [49m┆[48;2;41;44;60m[38;5;9m  0     [49m[39m┆[48;2;41;44;60m 10.833 [49m┆[48;2;41;44;60m[38;5;9m  0     [49m[39m┆[48;2;41;44;60m[38;5;9m  0    [49m[39m┆[48;2;41;44;60m  6.791   [49m┆[48;2;41;44;60m  6.791 [49m┆[48;2;41;44;60m 16.411 [49m│
│[48;2;69;76;102m Brian    [49m┆  8.165    ┆ 17.138   ┆  6.629 ┆[48;2;69;76;102m 25.707    [49m┆[38;5;9m  0     [39m┆  8.084 ┆ 13.339 ┆[38;5;9m  0    [39m┆  6.386   ┆  5.982 ┆  8.569 │
│[48;2;69;76;102m Cansin   [49m┆[48;2;41;44;60m  5.74     [49m┆[48;2;41;44;60m  6.225   [49m┆[48;2;41;44;60m  4.123 [49m┆[48;2;41;44;60m  4.446    [49m┆[48;2;41;44;60m[38;5;9m  0     [49m[39m┆[48;2;74;68;89m 22.393 [49m┆[48;2;41;44;60m 11.964 [49m┆[48;2;41;44;60m[38;5;9m  0    [49m[39m┆[48;2;41;44;60m  4.204   [49m┆[48;2;65;77;71m 33.711 [49m┆[48;2;41;44;60m  7.195 [49m│
│[48;2;69;76;102m Daymian  [49m┆ 10.994    ┆ 11.075   ┆  8.892 ┆  8.569    ┆[38;5;9m  0     [39m┆ 10.509 ┆[38;5;9m  0     [39m┆[38;5;9m  0    [39m┆  8.407   ┆[48;2;69;76;102m 29.022 [49m┆ 12.53  │
│[48;2;69;76;102m Fabi     [49m┆[48;2;41;44;60m  8.65     [49m┆[48;2;41;44;60m  7.922   [49m┆[48;2;41;44;60m 22.474 [49m┆[48;2;41;44;60m  5.982    [49m┆[48;2;41;44;60m[38;5;9m  0     [49m[39m┆[48;2;41;44;60m 10.186 [49m┆[48;2;65;77;71m 23.686 [49m┆[48;2;41;44;60m[38;5;9m  0    [49m[39m┆[48;2;41;44;60m  6.548   [49m┆[48;2;41;44;60m  6.548 [49m┆[48;2;41;44;60m  8.003 [49m│
│[48;2;69;76;102m Germain  [49m┆ 21.746    ┆  5.335   ┆[48;2;65;77;71m 35.247 [49m┆  4.285    ┆[38;5;9m  0     [39m┆  7.114 ┆ 11.884 ┆[38;5;9m  0    [39m┆  3.88    ┆  3.8   ┆  6.71  │
│[48;2;69;76;102m[38;5;10m Johannes [49m[39m┆[48;2;41;44;60m[38;5;9m  0        [49m[39m┆[48;2;41;44;60m[38;5;9m  0       [49m[39m┆[48;2;41;44;60m[38;5;9m  0     [49m[39m┆[48;2;41;44;60m[38;5;9m  0        [49m[39m┆[48;2;65;77;71m[38;5;10m 100    [49m[39m┆[48;2;41;44;60m[38;5;9m  0     [49m[39m┆[48;2;41;44;60m[38;5;9m  0     [49m[39m┆[48;2;65;77;71m[38;5;10m 100   [49m[39m┆[48;2;41;44;60m[38;5;9m  0       [49m[39m┆[48;2;41;44;60m[38;5;9m  0     [49m[39m┆[48;2;41;44;60m[38;5;9m  0     [49m[39m│
│[48;2;69;76;102m Raul     [49m┆[48;2;65;77;71m 24.98     [49m┆  7.599   ┆  6.386 ┆  5.174    ┆[38;5;9m  0     [39m┆  8.488 ┆ 13.662 ┆[38;5;9m  0    [39m┆ 20.534   ┆  5.497 ┆  7.68  │
│[48;2;69;76;102m Robin    [49m┆[48;2;41;44;60m  6.306    [49m┆[48;2;65;77;71m 33.711   [49m┆[48;2;41;44;60m  5.255 [49m┆[48;2;41;44;60m  6.791    [49m┆[48;2;41;44;60m[38;5;9m  0     [49m[39m┆[48;2;41;44;60m 15.926 [49m┆[48;2;41;44;60m 14.066 [49m┆[48;2;41;44;60m[38;5;9m  0    [49m[39m┆[48;2;41;44;60m  4.689   [49m┆[48;2;41;44;60m  4.77  [49m┆[48;2;41;44;60m  8.488 [49m│
│[48;2;69;76;102m Marwin   [49m┆  6.467    ┆[38;5;9m  0       [39m┆  4.204 ┆  4.608    ┆[38;5;9m  0     [39m┆  6.467 ┆ 11.399 ┆[38;5;9m  0    [39m┆[48;2;65;77;71m 38.561   [49m┆  3.88  ┆[48;2;74;68;89m 24.414 [49m│
│[48;2;69;76;102m Laurenz  [49m┆[48;2;69;76;102m 11.111    [49m┆[48;2;69;76;102m 11.111   [49m┆[48;2;69;76;102m 11.111 [49m┆[48;2;69;76;102m 11.111    [49m┆[48;2;41;44;60m[38;5;9m  0     [49m[39m┆[48;2;69;76;102m 11.111 [49m┆[48;2;69;76;102m 11.111 [49m┆[48;2;41;44;60m[38;5;9m  0    [49m[39m┆[48;2;69;76;102m 11.111   [49m┆[48;2;69;76;102m 11.111 [49m┆[48;2;69;76;102m 11.111 [49m│
╰──────────┴───────────┴──────────┴────────┴───────────┴────────┴────────┴────────┴───────┴──────────┴────────┴────────╯
11133 left -> 13.4426 bits left

MN#4 E10
0x Bennett  → Christin     10.994%  ↗ [38;5;11m48.000%[39m
1x Brian    → Alexandra     8.165%  ↗ 40.000%
0x Cansin   → Julia        11.964%  ↗ [38;5;11m52.000%[39m
1x Daymian  → Jenny        10.509%  ↗ [38;5;11m48.000%[39m
0x Fabi     → Zoe           6.548%  ↗ 20.000%
0x Germain  → Michelle      3.880%  ↗ 20.000%
2x Johannes → Marta    [38;5;10m    100.000%[39m          
0x Marwin   → Emma          4.204%  ↘  4.000%
0x Raul     → Francesca     5.174%  ↗ 24.000%
0x Robin    → Joena         8.488%  ↗ 44.000%
---
-> I[l]/bits: {1: 1.06, 2: 1.41, 3: 3.08, 4: 5.63, 5: 7.27}
-> E[I]/bits: 1.56 = H
4 lights => I = 5.6288 bits
╭──────────┬───────────┬──────────┬────────┬───────────┬────────┬────────┬────────┬───────┬──────────┬────────┬────────╮
│          ┆[48;2;74;68;89m Alexandra [49m┆[48;2;74;68;89m Christin [49m┆[48;2;74;68;89m  Emma  [49m┆[48;2;74;68;89m Francesca [49m┆[48;2;74;68;89m[38;5;10m Janice [49m[39m┆[48;2;74;68;89m  Jenny [49m┆[48;2;74;68;89m  Julia [49m┆[48;2;74;68;89m[38;5;10m Marta [49m[39m┆[48;2;74;68;89m Michelle [49m┆[48;2;74;68;89m   Zoe  [49m┆[48;2;74;68;89m  Joena [49m│
╞══════════╪═══════════╪══════════╪════════╪═══════════╪════════╪════════╪════════╪═══════╪══════════╪════════╪════════╡
│[48;2;69;76;102m Bennett  [49m┆[48;2;41;44;60m  8        [49m┆[48;2;65;77;71m[38;5;11m 48       [49m[39m┆[48;2;41;44;60m[38;5;9m  0     [49m[39m┆[48;2;74;68;89m 32        [49m┆[48;2;41;44;60m[38;5;9m  0     [49m[39m┆[48;2;41;44;60m[38;5;9m  0     [49m[39m┆[48;2;41;44;60m[38;5;9m  0     [49m[39m┆[48;2;41;44;60m[38;5;9m  0    [49m[39m┆[48;2;41;44;60m  8       [49m┆[48;2;41;44;60m  4     [49m┆[48;2;41;44;60m[38;5;9m  0     [49m[39m│
│[48;2;69;76;102m Brian    [49m┆[48;2;65;77;71m 40        [49m┆ 12       ┆[38;5;9m  0     [39m┆ 24        ┆[38;5;9m  0     [39m┆[38;5;9m  0     [39m┆ 16     ┆[38;5;9m  0    [39m┆[38;5;9m  0       [39m┆  4     ┆  4     │
│[48;2;69;76;102m Cansin   [49m┆[48;2;41;44;60m[38;5;9m  0        [49m[39m┆[48;2;41;44;60m[38;5;9m  0       [49m[39m┆[48;2;41;44;60m  4     [49m┆[48;2;41;44;60m[38;5;9m  0        [49m[39m┆[48;2;41;44;60m[38;5;9m  0     [49m[39m┆[48;2;41;44;60m 12     [49m┆[48;2;65;77;71m[38;5;11m 52     [49m[39m┆[48;2;41;44;60m[38;5;9m  0    [49m[39m┆[48;2;41;44;60m  4       [49m┆[48;2;41;44;60m 24     [49m┆[48;2;41;44;60m  4     [49m│
│[48;2;69;76;102m Daymian  [49m┆  4        ┆  4       ┆[38;5;9m  0     [39m┆  4        ┆[38;5;9m  0     [39m┆[48;2;65;77;71m[38;5;11m 48     [49m[39m┆[38;5;9m  0     [39m┆[38;5;9m  0    [39m┆  4       ┆[48;2;74;68;89m 36     [49m┆[38;5;9m  0     [39m│
│[48;2;69;76;102m Fabi     [49m┆[48;2;41;44;60m  8        [49m┆[48;2;41;44;60m 12       [49m┆[48;2;65;77;71m[38;5;11m 52     [49m[39m┆[48;2;41;44;60m[38;5;9m  0        [49m[39m┆[48;2;41;44;60m[38;5;9m  0     [49m[39m┆[48;2;41;44;60m[38;5;9m  0     [49m[39m┆[48;2;41;44;60m[38;5;9m  0     [49m[39m┆[48;2;41;44;60m[38;5;9m  0    [49m[39m┆[48;2;41;44;60m  4       [49m┆[48;2;41;44;60m 20     [49m┆[48;2;41;44;60m  4     [49m│
│[48;2;69;76;102m Germain  [49m┆ 12        ┆  8       ┆[48;2;69;76;102m 40     [49m┆  4        ┆[38;5;9m  0     [39m┆  4     ┆  8     ┆[38;5;9m  0    [39m┆ 20       ┆[38;5;9m  0     [39m┆  4     │
│[48;2;69;76;102m[38;5;10m Johannes [49m[39m┆[48;2;41;44;60m[38;5;9m  0        [49m[39m┆[48;2;41;44;60m[38;5;9m  0       [49m[39m┆[48;2;41;44;60m[38;5;9m  0     [49m[39m┆[48;2;41;44;60m[38;5;9m  0        [49m[39m┆[48;2;65;77;71m[38;5;10m 100    [49m[39m┆[48;2;41;44;60m[38;5;9m  0     [49m[39m┆[48;2;41;44;60m[38;5;9m  0     [49m[39m┆[48;2;65;77;71m[38;5;10m 100   [49m[39m┆[48;2;41;44;60m[38;5;9m  0       [49m[39m┆[48;2;41;44;60m[38;5;9m  0     [49m[39m┆[48;2;41;44;60m[38;5;9m  0     [49m[39m│
│[48;2;69;76;102m Raul     [49m┆[48;2;69;76;102m 28        [49m┆  8       ┆[38;5;9m  0     [39m┆ 24        ┆[38;5;9m  0     [39m┆  8     ┆  8     ┆[38;5;9m  0    [39m┆ 20       ┆[38;5;9m  0     [39m┆  4     │
│[48;2;69;76;102m Robin    [49m┆[48;2;41;44;60m[38;5;9m  0        [49m[39m┆[48;2;41;44;60m  8       [49m┆[48;2;41;44;60m[38;5;9m  0     [49m[39m┆[48;2;41;44;60m  8        [49m┆[48;2;41;44;60m[38;5;9m  0     [49m[39m┆[48;2;41;44;60m 24     [49m┆[48;2;41;44;60m  8     [49m┆[48;2;41;44;60m[38;5;9m  0    [49m[39m┆[48;2;41;44;60m[38;5;9m  0       [49m[39m┆[48;2;41;44;60m  8     [49m┆[48;2;65;77;71m 44     [49m│
│[48;2;69;76;102m Marwin   [49m┆[38;5;9m  0        [39m┆[38;5;9m  0       [39m┆  4     ┆  4        ┆[38;5;9m  0     [39m┆  4     ┆  8     ┆[38;5;9m  0    [39m┆[48;2;65;77;71m 40       [49m┆  4     ┆ 36     │
│[48;2;69;76;102m Laurenz  [49m┆[48;2;69;76;102m 11.111    [49m┆[48;2;69;76;102m 11.111   [49m┆[48;2;69;76;102m 11.111 [49m┆[48;2;69;76;102m 11.111    [49m┆[48;2;41;44;60m[38;5;9m  0     [49m[39m┆[48;2;69;76;102m 11.111 [49m┆[48;2;69;76;102m 11.111 [49m┆[48;2;41;44;60m[38;5;9m  0    [49m[39m┆[48;2;69;76;102m 11.111   [49m┆[48;2;69;76;102m 11.111 [49m┆[48;2;69;76;102m 11.111 [49m│
╰──────────┴───────────┴──────────┴────────┴───────────┴────────┴────────┴────────┴───────┴──────────┴────────┴────────╯
225 left -> 7.8138 bits left

MB#5 E11
Laurenz → Emma    11.111%
---
Nothing => I = 0 bits
╭──────────┬───────────┬──────────┬────────┬───────────┬────────┬────────┬────────┬───────┬──────────┬────────┬────────╮
│          ┆[48;2;74;68;89m Alexandra [49m┆[48;2;74;68;89m Christin [49m┆[48;2;74;68;89m  Emma  [49m┆[48;2;74;68;89m Francesca [49m┆[48;2;74;68;89m[38;5;10m Janice [49m[39m┆[48;2;74;68;89m  Jenny [49m┆[48;2;74;68;89m  Julia [49m┆[48;2;74;68;89m[38;5;10m Marta [49m[39m┆[48;2;74;68;89m Michelle [49m┆[48;2;74;68;89m   Zoe  [49m┆[48;2;74;68;89m  Joena [49m│
╞══════════╪═══════════╪══════════╪════════╪═══════════╪════════╪════════╪════════╪═══════╪══════════╪════════╪════════╡
│[48;2;69;76;102m Bennett  [49m┆[48;2;41;44;60m  8        [49m┆[48;2;65;77;71m[38;5;11m 48       [49m[39m┆[48;2;41;44;60m[38;5;9m  0     [49m[39m┆[48;2;74;68;89m 32        [49m┆[48;2;41;44;60m[38;5;9m  0     [49m[39m┆[48;2;41;44;60m[38;5;9m  0     [49m[39m┆[48;2;41;44;60m[38;5;9m  0     [49m[39m┆[48;2;41;44;60m[38;5;9m  0    [49m[39m┆[48;2;41;44;60m  8       [49m┆[48;2;41;44;60m  4     [49m┆[48;2;41;44;60m[38;5;9m  0     [49m[39m│
│[48;2;69;76;102m Brian    [49m┆[48;2;65;77;71m 40        [49m┆ 12       ┆[38;5;9m  0     [39m┆ 24        ┆[38;5;9m  0     [39m┆[38;5;9m  0     [39m┆ 16     ┆[38;5;9m  0    [39m┆[38;5;9m  0       [39m┆  4     ┆  4     │
│[48;2;69;76;102m Cansin   [49m┆[48;2;41;44;60m[38;5;9m  0        [49m[39m┆[48;2;41;44;60m[38;5;9m  0       [49m[39m┆[48;2;41;44;60m  4     [49m┆[48;2;41;44;60m[38;5;9m  0        [49m[39m┆[48;2;41;44;60m[38;5;9m  0     [49m[39m┆[48;2;41;44;60m 12     [49m┆[48;2;65;77;71m[38;5;11m 52     [49m[39m┆[48;2;41;44;60m[38;5;9m  0    [49m[39m┆[48;2;41;44;60m  4       [49m┆[48;2;41;44;60m 24     [49m┆[48;2;41;44;60m  4     [49m│
│[48;2;69;76;102m Daymian  [49m┆  4        ┆  4       ┆[38;5;9m  0     [39m┆  4        ┆[38;5;9m  0     [39m┆[48;2;65;77;71m[38;5;11m 48     [49m[39m┆[38;5;9m  0     [39m┆[38;5;9m  0    [39m┆  4       ┆[48;2;74;68;89m 36     [49m┆[38;5;9m  0     [39m│
│[48;2;69;76;102m Fabi     [49m┆[48;2;41;44;60m  8        [49m┆[48;2;41;44;60m 12       [49m┆[48;2;65;77;71m[38;5;11m 52     [49m[39m┆[48;2;41;44;60m[38;5;9m  0        [49m[39m┆[48;2;41;44;60m[38;5;9m  0     [49m[39m┆[48;2;41;44;60m[38;5;9m  0     [49m[39m┆[48;2;41;44;60m[38;5;9m  0     [49m[39m┆[48;2;41;44;60m[38;5;9m  0    [49m[39m┆[48;2;41;44;60m  4       [49m┆[48;2;41;44;60m 20     [49m┆[48;2;41;44;60m  4     [49m│
│[48;2;69;76;102m Germain  [49m┆ 12        ┆  8       ┆[48;2;69;76;102m 40     [49m┆  4        ┆[38;5;9m  0     [39m┆  4     ┆  8     ┆[38;5;9m  0    [39m┆ 20       ┆[38;5;9m  0     [39m┆  4     │
│[48;2;69;76;102m[38;5;10m Johannes [49m[39m┆[48;2;41;44;60m[38;5;9m  0        [49m[39m┆[48;2;41;44;60m[38;5;9m  0       [49m[39m┆[48;2;41;44;60m[38;5;9m  0     [49m[39m┆[48;2;41;44;60m[38;5;9m  0        [49m[39m┆[48;2;65;77;71m[38;5;10m 100    [49m[39m┆[48;2;41;44;60m[38;5;9m  0     [49m[39m┆[48;2;41;44;60m[38;5;9m  0     [49m[39m┆[48;2;65;77;71m[38;5;10m 100   [49m[39m┆[48;2;41;44;60m[38;5;9m  0       [49m[39m┆[48;2;41;44;60m[38;5;9m  0     [49m[39m┆[48;2;41;44;60m[38;5;9m  0     [49m[39m│
│[48;2;69;76;102m Raul     [49m┆[48;2;69;76;102m 28        [49m┆  8       ┆[38;5;9m  0     [39m┆ 24        ┆[38;5;9m  0     [39m┆  8     ┆  8     ┆[38;5;9m  0    [39m┆ 20       ┆[38;5;9m  0     [39m┆  4     │
│[48;2;69;76;102m Robin    [49m┆[48;2;41;44;60m[38;5;9m  0        [49m[39m┆[48;2;41;44;60m  8       [49m┆[48;2;41;44;60m[38;5;9m  0     [49m[39m┆[48;2;41;44;60m  8        [49m┆[48;2;41;44;60m[38;5;9m  0     [49m[39m┆[48;2;41;44;60m 24     [49m┆[48;2;41;44;60m  8     [49m┆[48;2;41;44;60m[38;5;9m  0    [49m[39m┆[48;2;41;44;60m[38;5;9m  0       [49m[39m┆[48;2;41;44;60m  8     [49m┆[48;2;65;77;71m 44     [49m│
│[48;2;69;76;102m Marwin   [49m┆[38;5;9m  0        [39m┆[38;5;9m  0       [39m┆  4     ┆  4        ┆[38;5;9m  0     [39m┆  4     ┆  8     ┆[38;5;9m  0    [39m┆[48;2;65;77;71m 40       [49m┆  4     ┆ 36     │
│[48;2;69;76;102m Laurenz  [49m┆[48;2;69;76;102m 11.111    [49m┆[48;2;69;76;102m 11.111   [49m┆[48;2;69;76;102m 11.111 [49m┆[48;2;69;76;102m 11.111    [49m┆[48;2;41;44;60m[38;5;9m  0     [49m[39m┆[48;2;69;76;102m 11.111 [49m┆[48;2;69;76;102m 11.111 [49m┆[48;2;41;44;60m[38;5;9m  0    [49m[39m┆[48;2;69;76;102m 11.111   [49m┆[48;2;69;76;102m 11.111 [49m┆[48;2;69;76;102m 11.111 [49m│
╰──────────┴───────────┴──────────┴────────┴───────────┴────────┴────────┴────────┴───────┴──────────┴────────┴────────╯
225 left -> 7.8138 bits left

MN#5 E12
1x Bennett  → Christin [38;5;11m    48.000% [39m ↗ [38;5;14m64.000%[39m
2x Brian    → Alexandra    40.000%  ↗ [38;5;11m48.000%[39m
1x Cansin   → Julia    [38;5;11m    52.000% [39m ↘ 16.000%
2x Daymian  → Jenny    [38;5;11m    48.000% [39m ↗ [38;5;11m52.000%[39m
2x Germain  → Emma         40.000%  ↘ [38;5;9m 0.000%[39m
3x Johannes → Marta    [38;5;10m    100.000%[39m          
0x Laurenz  → Zoe          11.111%  ↘  4.000%
0x Marwin   → Francesca     4.000%  ↘ [38;5;9m 0.000%[39m
1x Raul     → Michelle     20.000%  ↘ [38;5;9m 0.000%[39m
1x Robin    → Joena        44.000%  ↘ 16.000%
---
-> I[l]/bits: {2: 3.81, 3: 2.17, 4: 1.26, 5: 2.39, 6: 4.23, 7: 4.64, 8: 7.81}
-> E[I]/bits: 2.18 = H
3 lights => I = 2.1699 bits
╭──────────┬───────────┬──────────┬──────┬───────────┬────────┬───────┬───────┬───────┬──────────┬─────┬───────╮
│          ┆[48;2;74;68;89m Alexandra [49m┆[48;2;74;68;89m Christin [49m┆[48;2;74;68;89m Emma [49m┆[48;2;74;68;89m Francesca [49m┆[48;2;74;68;89m[38;5;10m Janice [49m[39m┆[48;2;74;68;89m Jenny [49m┆[48;2;74;68;89m Julia [49m┆[48;2;74;68;89m[38;5;10m Marta [49m[39m┆[48;2;74;68;89m Michelle [49m┆[48;2;74;68;89m Zoe [49m┆[48;2;74;68;89m Joena [49m│
╞══════════╪═══════════╪══════════╪══════╪═══════════╪════════╪═══════╪═══════╪═══════╪══════════╪═════╪═══════╡
│[48;2;69;76;102m Bennett  [49m┆[48;2;41;44;60m  2        [49m┆[48;2;65;77;71m[38;5;14m 64       [49m[39m┆[48;2;41;44;60m[38;5;9m  0   [49m[39m┆[48;2;41;44;60m 18        [49m┆[48;2;41;44;60m[38;5;9m  0     [49m[39m┆[48;2;41;44;60m[38;5;9m  0    [49m[39m┆[48;2;41;44;60m[38;5;9m  0    [49m[39m┆[48;2;41;44;60m[38;5;9m  0    [49m[39m┆[48;2;41;44;60m 16       [49m┆[48;2;41;44;60m[38;5;9m  0  [49m[39m┆[48;2;41;44;60m[38;5;9m  0    [49m[39m│
│[48;2;69;76;102m Brian    [49m┆[48;2;65;77;71m[38;5;11m 48        [49m[39m┆ 18       ┆[38;5;9m  0   [39m┆[38;5;9m  0        [39m┆[38;5;9m  0     [39m┆[38;5;9m  0    [39m┆ 18    ┆[38;5;9m  0    [39m┆[38;5;9m  0       [39m┆[38;5;9m  0  [39m┆ 16    │
│[48;2;69;76;102m Cansin   [49m┆[48;2;41;44;60m[38;5;9m  0        [49m[39m┆[48;2;41;44;60m[38;5;9m  0       [49m[39m┆[48;2;41;44;60m  2   [49m┆[48;2;41;44;60m[38;5;9m  0        [49m[39m┆[48;2;41;44;60m[38;5;9m  0     [49m[39m┆[48;2;41;44;60m[38;5;9m  0    [49m[39m┆[48;2;41;44;60m 16    [49m┆[48;2;41;44;60m[38;5;9m  0    [49m[39m┆[48;2;41;44;60m[38;5;9m  0       [49m[39m┆[48;2;65;77;71m[38;5;14m 66  [49m[39m┆[48;2;41;44;60m 16    [49m│
│[48;2;69;76;102m Daymian  [49m┆[38;5;9m  0        [39m┆[38;5;9m  0       [39m┆[38;5;9m  0   [39m┆ 16        ┆[38;5;9m  0     [39m┆[48;2;65;77;71m[38;5;11m 52    [49m[39m┆[38;5;9m  0    [39m┆[38;5;9m  0    [39m┆ 16       ┆ 16  ┆[38;5;9m  0    [39m│
│[48;2;69;76;102m Fabi     [49m┆[48;2;41;44;60m[38;5;9m  0        [49m[39m┆[48;2;41;44;60m[38;5;9m  0       [49m[39m┆[48;2;65;77;71m[38;5;10m 98   [49m[39m┆[48;2;41;44;60m[38;5;9m  0        [49m[39m┆[48;2;41;44;60m[38;5;9m  0     [49m[39m┆[48;2;41;44;60m[38;5;9m  0    [49m[39m┆[48;2;41;44;60m[38;5;9m  0    [49m[39m┆[48;2;41;44;60m[38;5;9m  0    [49m[39m┆[48;2;41;44;60m[38;5;9m  0       [49m[39m┆[48;2;41;44;60m  2  [49m┆[48;2;41;44;60m[38;5;9m  0    [49m[39m│
│[48;2;69;76;102m Germain  [49m┆ 16        ┆[38;5;9m  0       [39m┆[38;5;9m  0   [39m┆[38;5;9m  0        [39m┆[38;5;9m  0     [39m┆[38;5;9m  0    [39m┆[48;2;74;68;89m 32    [49m┆[38;5;9m  0    [39m┆[48;2;65;77;71m[38;5;11m 52       [49m[39m┆[38;5;9m  0  [39m┆[38;5;9m  0    [39m│
│[48;2;69;76;102m[38;5;10m Johannes [49m[39m┆[48;2;41;44;60m[38;5;9m  0        [49m[39m┆[48;2;41;44;60m[38;5;9m  0       [49m[39m┆[48;2;41;44;60m[38;5;9m  0   [49m[39m┆[48;2;41;44;60m[38;5;9m  0        [49m[39m┆[48;2;65;77;71m[38;5;10m 100    [49m[39m┆[48;2;41;44;60m[38;5;9m  0    [49m[39m┆[48;2;41;44;60m[38;5;9m  0    [49m[39m┆[48;2;65;77;71m[38;5;10m 100   [49m[39m┆[48;2;41;44;60m[38;5;9m  0       [49m[39m┆[48;2;41;44;60m[38;5;9m  0  [49m[39m┆[48;2;41;44;60m[38;5;9m  0    [49m[39m│
│[48;2;69;76;102m Raul     [49m┆ 34        ┆[38;5;9m  0       [39m┆[38;5;9m  0   [39m┆[48;2;65;77;71m[38;5;11m 50        [49m[39m┆[38;5;9m  0     [39m┆[38;5;9m  0    [39m┆ 16    ┆[38;5;9m  0    [39m┆[38;5;9m  0       [39m┆[38;5;9m  0  [39m┆[38;5;9m  0    [39m│
│[48;2;69;76;102m Robin    [49m┆[48;2;41;44;60m[38;5;9m  0        [49m[39m┆[48;2;41;44;60m 18       [49m┆[48;2;41;44;60m[38;5;9m  0   [49m[39m┆[48;2;41;44;60m 16        [49m┆[48;2;41;44;60m[38;5;9m  0     [49m[39m┆[48;2;69;76;102m[38;5;11m 48    [49m[39m┆[48;2;41;44;60m  2    [49m┆[48;2;41;44;60m[38;5;9m  0    [49m[39m┆[48;2;41;44;60m[38;5;9m  0       [49m[39m┆[48;2;41;44;60m[38;5;9m  0  [49m[39m┆[48;2;41;44;60m 16    [49m│
│[48;2;69;76;102m Marwin   [49m┆[38;5;9m  0        [39m┆[38;5;9m  0       [39m┆[38;5;9m  0   [39m┆[38;5;9m  0        [39m┆[38;5;9m  0     [39m┆[38;5;9m  0    [39m┆ 16    ┆[38;5;9m  0    [39m┆ 16       ┆ 16  ┆[48;2;65;77;71m[38;5;11m 52    [49m[39m│
│[48;2;69;76;102m Laurenz  [49m┆[48;2;69;76;102m 12        [49m┆[48;2;69;76;102m 12       [49m┆[48;2;69;76;102m 12   [49m┆[48;2;69;76;102m 12        [49m┆[48;2;41;44;60m[38;5;9m  0     [49m[39m┆[48;2;69;76;102m 12    [49m┆[48;2;69;76;102m 12    [49m┆[48;2;41;44;60m[38;5;9m  0    [49m[39m┆[48;2;69;76;102m 12       [49m┆[48;2;41;44;60m  4  [49m┆[48;2;69;76;102m 12    [49m│
╰──────────┴───────────┴──────────┴──────┴───────────┴────────┴───────┴───────┴───────┴──────────┴─────┴───────╯
50 left -> 5.6439 bits left

MB#6 E13
Raul → Michelle[38;5;9m     0.000%[39m
---
-> I[l]/bits: {0: 0.00}
-> E[I]/bits: 0.00 = H
0 lights => I = 0 bits
╭──────────┬───────────┬──────────┬──────┬───────────┬────────┬───────┬───────┬───────┬──────────┬─────┬───────╮
│          ┆[48;2;74;68;89m Alexandra [49m┆[48;2;74;68;89m Christin [49m┆[48;2;74;68;89m Emma [49m┆[48;2;74;68;89m Francesca [49m┆[48;2;74;68;89m[38;5;10m Janice [49m[39m┆[48;2;74;68;89m Jenny [49m┆[48;2;74;68;89m Julia [49m┆[48;2;74;68;89m[38;5;10m Marta [49m[39m┆[48;2;74;68;89m Michelle [49m┆[48;2;74;68;89m Zoe [49m┆[48;2;74;68;89m Joena [49m│
╞══════════╪═══════════╪══════════╪══════╪═══════════╪════════╪═══════╪═══════╪═══════╪══════════╪═════╪═══════╡
│[48;2;69;76;102m Bennett  [49m┆[48;2;41;44;60m  2        [49m┆[48;2;65;77;71m[38;5;14m 64       [49m[39m┆[48;2;41;44;60m[38;5;9m  0   [49m[39m┆[48;2;41;44;60m 18        [49m┆[48;2;41;44;60m[38;5;9m  0     [49m[39m┆[48;2;41;44;60m[38;5;9m  0    [49m[39m┆[48;2;41;44;60m[38;5;9m  0    [49m[39m┆[48;2;41;44;60m[38;5;9m  0    [49m[39m┆[48;2;41;44;60m 16       [49m┆[48;2;41;44;60m[38;5;9m  0  [49m[39m┆[48;2;41;44;60m[38;5;9m  0    [49m[39m│
│[48;2;69;76;102m Brian    [49m┆[48;2;65;77;71m[38;5;11m 48        [49m[39m┆ 18       ┆[38;5;9m  0   [39m┆[38;5;9m  0        [39m┆[38;5;9m  0     [39m┆[38;5;9m  0    [39m┆ 18    ┆[38;5;9m  0    [39m┆[38;5;9m  0       [39m┆[38;5;9m  0  [39m┆ 16    │
│[48;2;69;76;102m Cansin   [49m┆[48;2;41;44;60m[38;5;9m  0        [49m[39m┆[48;2;41;44;60m[38;5;9m  0       [49m[39m┆[48;2;41;44;60m  2   [49m┆[48;2;41;44;60m[38;5;9m  0        [49m[39m┆[48;2;41;44;60m[38;5;9m  0     [49m[39m┆[48;2;41;44;60m[38;5;9m  0    [49m[39m┆[48;2;41;44;60m 16    [49m┆[48;2;41;44;60m[38;5;9m  0    [49m[39m┆[48;2;41;44;60m[38;5;9m  0       [49m[39m┆[48;2;65;77;71m[38;5;14m 66  [49m[39m┆[48;2;41;44;60m 16    [49m│
│[48;2;69;76;102m Daymian  [49m┆[38;5;9m  0        [39m┆[38;5;9m  0       [39m┆[38;5;9m  0   [39m┆ 16        ┆[38;5;9m  0     [39m┆[48;2;65;77;71m[38;5;11m 52    [49m[39m┆[38;5;9m  0    [39m┆[38;5;9m  0    [39m┆ 16       ┆ 16  ┆[38;5;9m  0    [39m│
│[48;2;69;76;102m Fabi     [49m┆[48;2;41;44;60m[38;5;9m  0        [49m[39m┆[48;2;41;44;60m[38;5;9m  0       [49m[39m┆[48;2;65;77;71m[38;5;10m 98   [49m[39m┆[48;2;41;44;60m[38;5;9m  0        [49m[39m┆[48;2;41;44;60m[38;5;9m  0     [49m[39m┆[48;2;41;44;60m[38;5;9m  0    [49m[39m┆[48;2;41;44;60m[38;5;9m  0    [49m[39m┆[48;2;41;44;60m[38;5;9m  0    [49m[39m┆[48;2;41;44;60m[38;5;9m  0       [49m[39m┆[48;2;41;44;60m  2  [49m┆[48;2;41;44;60m[38;5;9m  0    [49m[39m│
│[48;2;69;76;102m Germain  [49m┆ 16        ┆[38;5;9m  0       [39m┆[38;5;9m  0   [39m┆[38;5;9m  0        [39m┆[38;5;9m  0     [39m┆[38;5;9m  0    [39m┆[48;2;74;68;89m 32    [49m┆[38;5;9m  0    [39m┆[48;2;65;77;71m[38;5;11m 52       [49m[39m┆[38;5;9m  0  [39m┆[38;5;9m  0    [39m│
│[48;2;69;76;102m[38;5;10m Johannes [49m[39m┆[48;2;41;44;60m[38;5;9m  0        [49m[39m┆[48;2;41;44;60m[38;5;9m  0       [49m[39m┆[48;2;41;44;60m[38;5;9m  0   [49m[39m┆[48;2;41;44;60m[38;5;9m  0        [49m[39m┆[48;2;65;77;71m[38;5;10m 100    [49m[39m┆[48;2;41;44;60m[38;5;9m  0    [49m[39m┆[48;2;41;44;60m[38;5;9m  0    [49m[39m┆[48;2;65;77;71m[38;5;10m 100   [49m[39m┆[48;2;41;44;60m[38;5;9m  0       [49m[39m┆[48;2;41;44;60m[38;5;9m  0  [49m[39m┆[48;2;41;44;60m[38;5;9m  0    [49m[39m│
│[48;2;69;76;102m Raul     [49m┆ 34        ┆[38;5;9m  0       [39m┆[38;5;9m  0   [39m┆[48;2;65;77;71m[38;5;11m 50        [49m[39m┆[38;5;9m  0     [39m┆[38;5;9m  0    [39m┆ 16    ┆[38;5;9m  0    [39m┆[38;5;9m  0       [39m┆[38;5;9m  0  [39m┆[38;5;9m  0    [39m│
│[48;2;69;76;102m Robin    [49m┆[48;2;41;44;60m[38;5;9m  0        [49m[39m┆[48;2;41;44;60m 18       [49m┆[48;2;41;44;60m[38;5;9m  0   [49m[39m┆[48;2;41;44;60m 16        [49m┆[48;2;41;44;60m[38;5;9m  0     [49m[39m┆[48;2;69;76;102m[38;5;11m 48    [49m[39m┆[48;2;41;44;60m  2    [49m┆[48;2;41;44;60m[38;5;9m  0    [49m[39m┆[48;2;41;44;60m[38;5;9m  0       [49m[39m┆[48;2;41;44;60m[38;5;9m  0  [49m[39m┆[48;2;41;44;60m 16    [49m│
│[48;2;69;76;102m Marwin   [49m┆[38;5;9m  0        [39m┆[38;5;9m  0       [39m┆[38;5;9m  0   [39m┆[38;5;9m  0        [39m┆[38;5;9m  0     [39m┆[38;5;9m  0    [39m┆ 16    ┆[38;5;9m  0    [39m┆ 16       ┆ 16  ┆[48;2;65;77;71m[38;5;11m 52    [49m[39m│
│[48;2;69;76;102m Laurenz  [49m┆[48;2;69;76;102m 12        [49m┆[48;2;69;76;102m 12       [49m┆[48;2;69;76;102m 12   [49m┆[48;2;69;76;102m 12        [49m┆[48;2;41;44;60m[38;5;9m  0     [49m[39m┆[48;2;69;76;102m 12    [49m┆[48;2;69;76;102m 12    [49m┆[48;2;41;44;60m[38;5;9m  0    [49m[39m┆[48;2;69;76;102m 12       [49m┆[48;2;41;44;60m  4  [49m┆[48;2;69;76;102m 12    [49m│
╰──────────┴───────────┴──────────┴──────┴───────────┴────────┴───────┴───────┴───────┴──────────┴─────┴───────╯
50 left -> 5.6439 bits left

MN#6 E14
2x Bennett  → Christin [38;5;14m    64.000% [39m ↗ [38;5;10m90.909%[39m
3x Brian    → Alexandra[38;5;11m    48.000% [39m ↗ [38;5;10m81.818%[39m
2x Cansin   → Zoe      [38;5;14m    66.000% [39m ↗ [38;5;10m90.909%[39m
3x Daymian  → Jenny    [38;5;11m    52.000% [39m ↘ 18.182%
0x Fabi     → Michelle [38;5;9m     0.000% [39m          
0x Germain  → Julia        32.000%  ↗ [38;5;14m72.727%[39m
4x Johannes → Marta    [38;5;10m    100.000%[39m          
0x Laurenz  → Emma         12.000%  ↗ 36.364%
1x Marwin   → Francesca[38;5;9m     0.000% [39m          
2x Robin    → Joena        16.000%  ↘  9.091%
---
-> I[l]/bits: {2: 2.64, 3: 4.64, 4: 0.84, 5: 2.18, 6: 5.64}
-> E[I]/bits: 1.67 = H
5 lights => I = 2.1844 bits
╭──────────┬───────────┬──────────┬────────┬───────────┬────────┬────────┬────────┬───────┬──────────┬────────┬────────╮
│          ┆[48;2;74;68;89m Alexandra [49m┆[48;2;74;68;89m Christin [49m┆[48;2;74;68;89m[38;5;10m  Emma  [49m[39m┆[48;2;74;68;89m Francesca [49m┆[48;2;74;68;89m[38;5;10m Janice [49m[39m┆[48;2;74;68;89m  Jenny [49m┆[48;2;74;68;89m  Julia [49m┆[48;2;74;68;89m[38;5;10m Marta [49m[39m┆[48;2;74;68;89m Michelle [49m┆[48;2;74;68;89m   Zoe  [49m┆[48;2;74;68;89m  Joena [49m│
╞══════════╪═══════════╪══════════╪════════╪═══════════╪════════╪════════╪════════╪═══════╪══════════╪════════╪════════╡
│[48;2;69;76;102m Bennett  [49m┆[48;2;41;44;60m[38;5;9m  0        [49m[39m┆[48;2;65;77;71m[38;5;10m 90.909   [49m[39m┆[48;2;41;44;60m[38;5;9m  0     [49m[39m┆[48;2;41;44;60m[38;5;9m  0        [49m[39m┆[48;2;41;44;60m[38;5;9m  0     [49m[39m┆[48;2;41;44;60m[38;5;9m  0     [49m[39m┆[48;2;41;44;60m[38;5;9m  0     [49m[39m┆[48;2;41;44;60m[38;5;9m  0    [49m[39m┆[48;2;41;44;60m  9.091   [49m┆[48;2;41;44;60m[38;5;9m  0     [49m[39m┆[48;2;41;44;60m[38;5;9m  0     [49m[39m│
│[48;2;69;76;102m Brian    [49m┆[48;2;65;77;71m[38;5;10m 81.818    [49m[39m┆  9.091   ┆[38;5;9m  0     [39m┆[38;5;9m  0        [39m┆[38;5;9m  0     [39m┆[38;5;9m  0     [39m┆  9.091 ┆[38;5;9m  0    [39m┆[38;5;9m  0       [39m┆[38;5;9m  0     [39m┆[38;5;9m  0     [39m│
│[48;2;69;76;102m Cansin   [49m┆[48;2;41;44;60m[38;5;9m  0        [49m[39m┆[48;2;41;44;60m[38;5;9m  0       [49m[39m┆[48;2;41;44;60m[38;5;9m  0     [49m[39m┆[48;2;41;44;60m[38;5;9m  0        [49m[39m┆[48;2;41;44;60m[38;5;9m  0     [49m[39m┆[48;2;41;44;60m[38;5;9m  0     [49m[39m┆[48;2;41;44;60m[38;5;9m  0     [49m[39m┆[48;2;41;44;60m[38;5;9m  0    [49m[39m┆[48;2;41;44;60m[38;5;9m  0       [49m[39m┆[48;2;65;77;71m[38;5;10m 90.909 [49m[39m┆[48;2;41;44;60m  9.091 [49m│
│[48;2;69;76;102m Daymian  [49m┆[38;5;9m  0        [39m┆[38;5;9m  0       [39m┆[38;5;9m  0     [39m┆  9.091    ┆[38;5;9m  0     [39m┆ 18.182 ┆[38;5;9m  0     [39m┆[38;5;9m  0    [39m┆[48;2;65;77;71m[38;5;14m 63.636   [49m[39m┆  9.091 ┆[38;5;9m  0     [39m│
│[48;2;69;76;102m[38;5;10m Fabi     [49m[39m┆[48;2;41;44;60m[38;5;9m  0        [49m[39m┆[48;2;41;44;60m[38;5;9m  0       [49m[39m┆[48;2;65;77;71m[38;5;10m 100    [49m[39m┆[48;2;41;44;60m[38;5;9m  0        [49m[39m┆[48;2;41;44;60m[38;5;9m  0     [49m[39m┆[48;2;41;44;60m[38;5;9m  0     [49m[39m┆[48;2;41;44;60m[38;5;9m  0     [49m[39m┆[48;2;41;44;60m[38;5;9m  0    [49m[39m┆[48;2;41;44;60m[38;5;9m  0       [49m[39m┆[48;2;41;44;60m[38;5;9m  0     [49m[39m┆[48;2;41;44;60m[38;5;9m  0     [49m[39m│
│[48;2;69;76;102m Germain  [49m┆  9.091    ┆[38;5;9m  0       [39m┆[38;5;9m  0     [39m┆[38;5;9m  0        [39m┆[38;5;9m  0     [39m┆[38;5;9m  0     [39m┆[48;2;65;77;71m[38;5;14m 72.727 [49m[39m┆[38;5;9m  0    [39m┆ 18.182   ┆[38;5;9m  0     [39m┆[38;5;9m  0     [39m│
│[48;2;69;76;102m[38;5;10m Johannes [49m[39m┆[48;2;41;44;60m[38;5;9m  0        [49m[39m┆[48;2;41;44;60m[38;5;9m  0       [49m[39m┆[48;2;41;44;60m[38;5;9m  0     [49m[39m┆[48;2;41;44;60m[38;5;9m  0        [49m[39m┆[48;2;65;77;71m[38;5;10m 100    [49m[39m┆[48;2;41;44;60m[38;5;9m  0     [49m[39m┆[48;2;41;44;60m[38;5;9m  0     [49m[39m┆[48;2;65;77;71m[38;5;10m 100   [49m[39m┆[48;2;41;44;60m[38;5;9m  0       [49m[39m┆[48;2;41;44;60m[38;5;9m  0     [49m[39m┆[48;2;41;44;60m[38;5;9m  0     [49m[39m│
│[48;2;69;76;102m Raul     [49m┆  9.091    ┆[38;5;9m  0       [39m┆[38;5;9m  0     [39m┆[48;2;65;77;71m[38;5;10m 81.818    [49m[39m┆[38;5;9m  0     [39m┆[38;5;9m  0     [39m┆  9.091 ┆[38;5;9m  0    [39m┆[38;5;9m  0       [39m┆[38;5;9m  0     [39m┆[38;5;9m  0     [39m│
│[48;2;69;76;102m Robin    [49m┆[48;2;41;44;60m[38;5;9m  0        [49m[39m┆[48;2;41;44;60m[38;5;9m  0       [49m[39m┆[48;2;41;44;60m[38;5;9m  0     [49m[39m┆[48;2;41;44;60m  9.091    [49m┆[48;2;41;44;60m[38;5;9m  0     [49m[39m┆[48;2;65;77;71m[38;5;10m 81.818 [49m[39m┆[48;2;41;44;60m[38;5;9m  0     [49m[39m┆[48;2;41;44;60m[38;5;9m  0    [49m[39m┆[48;2;41;44;60m[38;5;9m  0       [49m[39m┆[48;2;41;44;60m[38;5;9m  0     [49m[39m┆[48;2;41;44;60m  9.091 [49m│
│[48;2;69;76;102m Marwin   [49m┆[38;5;9m  0        [39m┆[38;5;9m  0       [39m┆[38;5;9m  0     [39m┆[38;5;9m  0        [39m┆[38;5;9m  0     [39m┆[38;5;9m  0     [39m┆  9.091 ┆[38;5;9m  0    [39m┆  9.091   ┆[38;5;9m  0     [39m┆[48;2;65;77;71m[38;5;10m 81.818 [49m[39m│
│[48;2;69;76;102m Laurenz  [49m┆[48;2;41;44;60m  9.091    [49m┆[48;2;41;44;60m  9.091   [49m┆[48;2;69;76;102m 36.364 [49m┆[48;2;41;44;60m  9.091    [49m┆[48;2;41;44;60m[38;5;9m  0     [49m[39m┆[48;2;41;44;60m  9.091 [49m┆[48;2;41;44;60m  9.091 [49m┆[48;2;41;44;60m[38;5;9m  0    [49m[39m┆[48;2;41;44;60m  9.091   [49m┆[48;2;41;44;60m[38;5;9m  0     [49m[39m┆[48;2;41;44;60m  9.091 [49m│
╰──────────┴───────────┴──────────┴────────┴───────────┴────────┴────────┴────────┴───────┴──────────┴────────┴────────╯
11 left -> 3.4594 bits left

╭─────────┬───┬────────────┬────────────┬────────┬─────────┬───────────┬────────────┬──────────┬────────────┬───────────┬────────────┬─────────┬───┬────────┬──────┬──────────╮
│         ┆ L ┆   Bennett  ┆    Brian   ┆ Cansin ┆ Daymian ┆    Fabi   ┆   Germain  ┆ Johannes ┆    Raul    ┆   Robin   ┆   Marwin   ┆ Laurenz ┆   ┆    I   ┆ #new ┆ min dist │
╞═════════╪═══╪════════════╪════════════╪════════╪═════════╪═══════════╪════════════╪══════════╪════════════╪═══════════╪════════════╪═════════╪═══╪════════╪══════╪══════════╡
│[48;2;41;44;60m MB#0.75 [49m┆[48;2;41;44;60m[38;5;9m 0 [49m[39m┆[48;2;41;44;60m[38;5;9m            [49m[39m┆[48;2;41;44;60m[38;5;9m            [49m[39m┆[48;2;41;44;60m[38;5;9m        [49m[39m┆[48;2;41;44;60m[38;5;9m         [49m[39m┆[48;2;41;44;60m[38;5;9m           [49m[39m┆[48;2;41;44;60m[38;5;9m            [49m[39m┆[48;2;41;44;60m[38;5;9m          [49m[39m┆[48;2;41;44;60m[38;5;9m            [49m[39m┆[48;2;41;44;60m[38;5;9m           [49m[39m┆[48;2;41;44;60m[38;5;9m Christin   [49m[39m┆[48;2;41;44;60m[38;5;9m         [49m[39m┆[48;2;41;44;60m   [49m┆[48;2;41;44;60m 0.152  [49m┆[48;2;41;44;60m      [49m┆[48;2;41;44;60m          [49m│
│ MB#1    ┆[38;5;9m 0 [39m┆[38;5;9m            [39m┆[38;5;9m            [39m┆[38;5;9m        [39m┆[38;5;9m         [39m┆[38;5;9m           [39m┆[38;5;9m            [39m┆[38;5;9m          [39m┆[38;5;9m            [39m┆[38;5;9m Marta     [39m┆[38;5;9m            [39m┆[38;5;9m         [39m┆   ┆ 0.1504 ┆      ┆          │
│[48;2;41;44;60m MN#1    [49m┆[48;2;41;44;60m 3 [49m┆[48;2;41;44;60m Francesca* [49m┆[48;2;41;44;60m Christin*  [49m┆[48;2;41;44;60m Zoe*   [49m┆[48;2;41;44;60m Julia*  [49m┆[48;2;41;44;60m Janice*   [49m┆[48;2;41;44;60m Emma*      [49m┆[48;2;41;44;60m Marta*   [49m┆[48;2;41;44;60m Alexandra* [49m┆[48;2;41;44;60m Jenny*    [49m┆[48;2;41;44;60m Michelle*  [49m┆[48;2;41;44;60m         [49m┆[48;2;41;44;60m   [49m┆[48;2;41;44;60m 3.9726 [49m┆[48;2;41;44;60m 10   [49m┆[48;2;41;44;60m          [49m│
│ MB#2    ┆[38;5;9m 0 [39m┆[38;5;9m            [39m┆[38;5;9m            [39m┆[38;5;9m        [39m┆[38;5;9m Julia   [39m┆[38;5;9m           [39m┆[38;5;9m            [39m┆[38;5;9m          [39m┆[38;5;9m            [39m┆[38;5;9m           [39m┆[38;5;9m            [39m┆[38;5;9m         [39m┆   ┆ 0.4919 ┆      ┆          │
│[48;2;41;44;60m MN#2    [49m┆[48;2;41;44;60m 3 [49m┆[48;2;41;44;60m Joena*     [49m┆[48;2;41;44;60m Alexandra* [49m┆[48;2;41;44;60m Zoe    [49m┆[48;2;41;44;60m Jenny*  [49m┆[48;2;41;44;60m Julia*    [49m┆[48;2;41;44;60m Emma       [49m┆[48;2;41;44;60m Janice*  [49m┆[48;2;41;44;60m Marta*     [49m┆[48;2;41;44;60m Christin* [49m┆[48;2;41;44;60m Michelle   [49m┆[48;2;41;44;60m         [49m┆[48;2;41;44;60m   [49m┆[48;2;41;44;60m 2.886  [49m┆[48;2;41;44;60m 7    [49m┆[48;2;41;44;60m 7/MN#1   [49m│
│ MB#3    ┆[38;5;10m 1 [39m┆[38;5;10m            [39m┆[38;5;10m            [39m┆[38;5;10m        [39m┆[38;5;10m         [39m┆[38;5;10m           [39m┆[38;5;10m            [39m┆[38;5;10m Marta    [39m┆[38;5;10m            [39m┆[38;5;10m           [39m┆[38;5;10m            [39m┆[38;5;10m         [39m┆   ┆ 6.5072 ┆      ┆          │
│[48;2;41;44;60m MN#3    [49m┆[48;2;41;44;60m 3 [49m┆[48;2;41;44;60m Julia*     [49m┆[48;2;41;44;60m Francesca* [49m┆[48;2;41;44;60m Jenny* [49m┆[48;2;41;44;60m Zoe*    [49m┆[48;2;41;44;60m Emma*     [49m┆[48;2;41;44;60m Alexandra* [49m┆[48;2;41;44;60m Marta    [49m┆[48;2;41;44;60m Michelle*  [49m┆[48;2;41;44;60m Christin  [49m┆[48;2;41;44;60m Joena*     [49m┆[48;2;41;44;60m         [49m┆[48;2;41;44;60m   [49m┆[48;2;41;44;60m 2.6991 [49m┆[48;2;41;44;60m 8    [49m┆[48;2;41;44;60m 9/MN#1   [49m│
│ MB#4    ┆[38;5;9m 0 [39m┆[38;5;9m Julia      [39m┆[38;5;9m            [39m┆[38;5;9m        [39m┆[38;5;9m         [39m┆[38;5;9m           [39m┆[38;5;9m            [39m┆[38;5;9m          [39m┆[38;5;9m            [39m┆[38;5;9m           [39m┆[38;5;9m            [39m┆[38;5;9m         [39m┆   ┆ 0.4408 ┆      ┆          │
│[48;2;41;44;60m MN#4    [49m┆[48;2;41;44;60m 4 [49m┆[48;2;41;44;60m Christin*  [49m┆[48;2;41;44;60m Alexandra  [49m┆[48;2;41;44;60m Julia* [49m┆[48;2;41;44;60m Jenny   [49m┆[48;2;41;44;60m Zoe*      [49m┆[48;2;41;44;60m Michelle*  [49m┆[48;2;41;44;60m Marta    [49m┆[48;2;41;44;60m Francesca* [49m┆[48;2;41;44;60m Joena*    [49m┆[48;2;41;44;60m Emma*      [49m┆[48;2;41;44;60m         [49m┆[48;2;41;44;60m   [49m┆[48;2;41;44;60m 5.6288 [49m┆[48;2;41;44;60m 7    [49m┆[48;2;41;44;60m 8/MN#2   [49m│
│ MB#5    ┆[38;5;11m ? [39m┆            ┆            ┆        ┆         ┆           ┆            ┆          ┆            ┆           ┆            ┆ Emma    ┆   ┆        ┆      ┆          │
│[48;2;41;44;60m MN#5    [49m┆[48;2;41;44;60m 3 [49m┆[48;2;41;44;60m Christin   [49m┆[48;2;41;44;60m Alexandra  [49m┆[48;2;41;44;60m Julia  [49m┆[48;2;41;44;60m Jenny   [49m┆[48;2;41;44;60m           [49m┆[48;2;41;44;60m Emma       [49m┆[48;2;41;44;60m Marta    [49m┆[48;2;41;44;60m Michelle   [49m┆[48;2;41;44;60m Joena     [49m┆[48;2;41;44;60m Francesca* [49m┆[48;2;41;44;60m Zoe*    [49m┆[48;2;41;44;60m   [49m┆[48;2;41;44;60m 2.1699 [49m┆[48;2;41;44;60m 2    [49m┆[48;2;41;44;60m 5/MN#4   [49m│
│ MB#6    ┆[38;5;9m 0 [39m┆[38;5;9m            [39m┆[38;5;9m            [39m┆[38;5;9m        [39m┆[38;5;9m         [39m┆[38;5;9m           [39m┆[38;5;9m            [39m┆[38;5;9m          [39m┆[38;5;9m Michelle   [39m┆[38;5;9m           [39m┆[38;5;9m            [39m┆[38;5;9m         [39m┆   ┆ 0      ┆      ┆          │
│[48;2;41;44;60m MN#6    [49m┆[48;2;41;44;60m 5 [49m┆[48;2;41;44;60m Christin   [49m┆[48;2;41;44;60m Alexandra  [49m┆[48;2;41;44;60m Zoe    [49m┆[48;2;41;44;60m Jenny   [49m┆[48;2;41;44;60m Michelle* [49m┆[48;2;41;44;60m Julia*     [49m┆[48;2;41;44;60m Marta    [49m┆[48;2;41;44;60m            [49m┆[48;2;41;44;60m Joena     [49m┆[48;2;41;44;60m Francesca  [49m┆[48;2;41;44;60m Emma*   [49m┆[48;2;41;44;60m   [49m┆[48;2;41;44;60m 2.1844 [49m┆[48;2;41;44;60m 3    [49m┆[48;2;41;44;60m 5/MN#5   [49m│
╰─────────┴───┴────────────┴────────────┴────────┴─────────┴───────────┴────────────┴──────────┴────────────┴───────────┴────────────┴─────────┴───┴────────┴──────┴──────────╯
╭─────────┬───┬───────────┬──────────┬──────────┬───────────┬───────────┬──────────┬──────────┬───────────┬──────────┬──────────┬──────────┬───┬────────┬──────┬──────────╮
│         ┆ L ┆ Alexandra ┆ Christin ┆   Emma   ┆ Francesca ┆   Janice  ┆   Jenny  ┆   Julia  ┆   Marta   ┆ Michelle ┆    Zoe   ┆   Joena  ┆   ┆    I   ┆ #new ┆ min dist │
╞═════════╪═══╪═══════════╪══════════╪══════════╪═══════════╪═══════════╪══════════╪══════════╪═══════════╪══════════╪══════════╪══════════╪═══╪════════╪══════╪══════════╡
│[48;2;41;44;60m MB#0.75 [49m┆[48;2;41;44;60m[38;5;9m 0 [49m[39m┆[48;2;41;44;60m[38;5;9m           [49m[39m┆[48;2;41;44;60m[38;5;9m Marwin   [49m[39m┆[48;2;41;44;60m[38;5;9m          [49m[39m┆[48;2;41;44;60m[38;5;9m           [49m[39m┆[48;2;41;44;60m[38;5;9m           [49m[39m┆[48;2;41;44;60m[38;5;9m          [49m[39m┆[48;2;41;44;60m[38;5;9m          [49m[39m┆[48;2;41;44;60m[38;5;9m           [49m[39m┆[48;2;41;44;60m[38;5;9m          [49m[39m┆[48;2;41;44;60m[38;5;9m          [49m[39m┆[48;2;41;44;60m[38;5;9m          [49m[39m┆[48;2;41;44;60m   [49m┆[48;2;41;44;60m 0.152  [49m┆[48;2;41;44;60m      [49m┆[48;2;41;44;60m          [49m│
│ MB#1    ┆[38;5;9m 0 [39m┆[38;5;9m           [39m┆[38;5;9m          [39m┆[38;5;9m          [39m┆[38;5;9m           [39m┆[38;5;9m           [39m┆[38;5;9m          [39m┆[38;5;9m          [39m┆[38;5;9m Robin     [39m┆[38;5;9m          [39m┆[38;5;9m          [39m┆[38;5;9m          [39m┆   ┆ 0.1504 ┆      ┆          │
│[48;2;41;44;60m MN#1    [49m┆[48;2;41;44;60m 3 [49m┆[48;2;41;44;60m Raul*     [49m┆[48;2;41;44;60m Brian*   [49m┆[48;2;41;44;60m Germain* [49m┆[48;2;41;44;60m Bennett*  [49m┆[48;2;41;44;60m Fabi*     [49m┆[48;2;41;44;60m Robin*   [49m┆[48;2;41;44;60m Daymian* [49m┆[48;2;41;44;60m Johannes* [49m┆[48;2;41;44;60m Marwin*  [49m┆[48;2;41;44;60m Cansin*  [49m┆[48;2;41;44;60m          [49m┆[48;2;41;44;60m   [49m┆[48;2;41;44;60m 3.9726 [49m┆[48;2;41;44;60m 10   [49m┆[48;2;41;44;60m          [49m│
│ MB#2    ┆[38;5;9m 0 [39m┆[38;5;9m           [39m┆[38;5;9m          [39m┆[38;5;9m          [39m┆[38;5;9m           [39m┆[38;5;9m           [39m┆[38;5;9m          [39m┆[38;5;9m Daymian  [39m┆[38;5;9m           [39m┆[38;5;9m          [39m┆[38;5;9m          [39m┆[38;5;9m          [39m┆   ┆ 0.4919 ┆      ┆          │
│[48;2;41;44;60m MN#2    [49m┆[48;2;41;44;60m 3 [49m┆[48;2;41;44;60m Brian*    [49m┆[48;2;41;44;60m Robin*   [49m┆[48;2;41;44;60m Germain  [49m┆[48;2;41;44;60m           [49m┆[48;2;41;44;60m Johannes* [49m┆[48;2;41;44;60m Daymian* [49m┆[48;2;41;44;60m Fabi*    [49m┆[48;2;41;44;60m Raul*     [49m┆[48;2;41;44;60m Marwin   [49m┆[48;2;41;44;60m Cansin   [49m┆[48;2;41;44;60m Bennett* [49m┆[48;2;41;44;60m   [49m┆[48;2;41;44;60m 2.886  [49m┆[48;2;41;44;60m 7    [49m┆[48;2;41;44;60m 7/MN#1   [49m│
│ MB#3    ┆[38;5;10m 1 [39m┆[38;5;10m           [39m┆[38;5;10m          [39m┆[38;5;10m          [39m┆[38;5;10m           [39m┆[38;5;10m           [39m┆[38;5;10m          [39m┆[38;5;10m          [39m┆[38;5;10m Johannes  [39m┆[38;5;10m          [39m┆[38;5;10m          [39m┆[38;5;10m          [39m┆   ┆ 6.5072 ┆      ┆          │
│[48;2;41;44;60m MN#3    [49m┆[48;2;41;44;60m 3 [49m┆[48;2;41;44;60m Germain*  [49m┆[48;2;41;44;60m Robin    [49m┆[48;2;41;44;60m Fabi*    [49m┆[48;2;41;44;60m Brian*    [49m┆[48;2;41;44;60m           [49m┆[48;2;41;44;60m Cansin*  [49m┆[48;2;41;44;60m Bennett* [49m┆[48;2;41;44;60m Johannes  [49m┆[48;2;41;44;60m Raul*    [49m┆[48;2;41;44;60m Daymian* [49m┆[48;2;41;44;60m Marwin*  [49m┆[48;2;41;44;60m   [49m┆[48;2;41;44;60m 2.6991 [49m┆[48;2;41;44;60m 8    [49m┆[48;2;41;44;60m 9/MN#1   [49m│
│ MB#4    ┆[38;5;9m 0 [39m┆[38;5;9m           [39m┆[38;5;9m          [39m┆[38;5;9m          [39m┆[38;5;9m           [39m┆[38;5;9m           [39m┆[38;5;9m          [39m┆[38;5;9m Bennett  [39m┆[38;5;9m           [39m┆[38;5;9m          [39m┆[38;5;9m          [39m┆[38;5;9m          [39m┆   ┆ 0.4408 ┆      ┆          │
│[48;2;41;44;60m MN#4    [49m┆[48;2;41;44;60m 4 [49m┆[48;2;41;44;60m Brian     [49m┆[48;2;41;44;60m Bennett* [49m┆[48;2;41;44;60m Marwin*  [49m┆[48;2;41;44;60m Raul*     [49m┆[48;2;41;44;60m           [49m┆[48;2;41;44;60m Daymian  [49m┆[48;2;41;44;60m Cansin*  [49m┆[48;2;41;44;60m Johannes  [49m┆[48;2;41;44;60m Germain* [49m┆[48;2;41;44;60m Fabi*    [49m┆[48;2;41;44;60m Robin*   [49m┆[48;2;41;44;60m   [49m┆[48;2;41;44;60m 5.6288 [49m┆[48;2;41;44;60m 7    [49m┆[48;2;41;44;60m 8/MN#2   [49m│
│ MB#5    ┆[38;5;11m ? [39m┆           ┆          ┆ Laurenz  ┆           ┆           ┆          ┆          ┆           ┆          ┆          ┆          ┆   ┆        ┆      ┆          │
│[48;2;41;44;60m MN#5    [49m┆[48;2;41;44;60m 3 [49m┆[48;2;41;44;60m Brian     [49m┆[48;2;41;44;60m Bennett  [49m┆[48;2;41;44;60m Germain  [49m┆[48;2;41;44;60m Marwin*   [49m┆[48;2;41;44;60m           [49m┆[48;2;41;44;60m Daymian  [49m┆[48;2;41;44;60m Cansin   [49m┆[48;2;41;44;60m Johannes  [49m┆[48;2;41;44;60m Raul     [49m┆[48;2;41;44;60m Laurenz* [49m┆[48;2;41;44;60m Robin    [49m┆[48;2;41;44;60m   [49m┆[48;2;41;44;60m 2.1699 [49m┆[48;2;41;44;60m 2    [49m┆[48;2;41;44;60m 5/MN#4   [49m│
│ MB#6    ┆[38;5;9m 0 [39m┆[38;5;9m           [39m┆[38;5;9m          [39m┆[38;5;9m          [39m┆[38;5;9m           [39m┆[38;5;9m           [39m┆[38;5;9m          [39m┆[38;5;9m          [39m┆[38;5;9m           [39m┆[38;5;9m Raul     [39m┆[38;5;9m          [39m┆[38;5;9m          [39m┆   ┆ 0      ┆      ┆          │
│[48;2;41;44;60m MN#6    [49m┆[48;2;41;44;60m 5 [49m┆[48;2;41;44;60m Brian     [49m┆[48;2;41;44;60m Bennett  [49m┆[48;2;41;44;60m Laurenz* [49m┆[48;2;41;44;60m Marwin    [49m┆[48;2;41;44;60m           [49m┆[48;2;41;44;60m Daymian  [49m┆[48;2;41;44;60m Germain* [49m┆[48;2;41;44;60m Johannes  [49m┆[48;2;41;44;60m Fabi*    [49m┆[48;2;41;44;60m Cansin   [49m┆[48;2;41;44;60m Robin    [49m┆[48;2;41;44;60m   [49m┆[48;2;41;44;60m 2.1844 [49m┆[48;2;41;44;60m 3    [49m┆[48;2;41;44;60m 5/MN#5   [49m│
╰─────────┴───┴───────────┴──────────┴──────────┴───────────┴───────────┴──────────┴──────────┴───────────┴──────────┴──────────┴──────────┴───┴────────┴──────┴──────────╯
Total permutations: 1796256000  Permutations left: 11  Initial combinations for each pair: 179625600

Ran in 181.98s
